Component: Arm Compiler for Embedded 6.24 Tool: armlink [5f371500]

==============================================================================

Section Cross References

    main.o(.text.main) refers to oled.o(.text.OLED_Init) for OLED_Init
    main.o(.text.main) refers to oled.o(.text.OLED_Clear) for OLED_Clear
    main.o(.text.main) refers to main.o(.rodata.str1.1) for .L.str
    main.o(.text.main) refers to oled.o(.text.OLED_ShowString) for OLED_ShowString
    main.o(.text.main) refers to rc522.o(.text.RC522_Init) for RC522_Init
    main.o(.text.main) refers to bh1750.o(.text.BH1750_Init) for BH1750_Init
    main.o(.text.main) refers to mpu6050.o(.text.MPU6050_Init) for MPU6050_Init
    main.o(.text.main) refers to hcsr04.o(.text.HCSR04_Init) for HCSR04_Init
    main.o(.text.main) refers to led.o(.text.LED_Init) for LED_Init
    main.o(.text.main) refers to buzzer.o(.text.Buzzer_Init) for Buzzer_Init
    main.o(.text.main) refers to delay.o(.text.Delay_ms) for Delay_ms
    main.o(.text.main) refers to main.o(.bss.currentMode) for currentMode
    main.o(.text.main) refers to led.o(.text.LED_On) for LED_On
    main.o(.text.main) refers to main.o(.text.CheckRFID) for CheckRFID
    main.o(.text.main) refers to main.o(.text.UpdateSensors) for UpdateSensors
    main.o(.text.main) refers to main.o(.text.CheckAlarms) for CheckAlarms
    main.o(.text.main) refers to main.o(.bss.alarmState) for alarmState
    main.o(.text.main) refers to main.o(.text.UpdateDisplay) for UpdateDisplay
    main.o(.text.main) refers to main.o(.text.ControlAlarm) for ControlAlarm
    main.o(.ARM.exidx.text.main) refers to main.o(.text.main) for [Anonymous Symbol]
    main.o(.text.CheckRFID) refers to rc522.o(.text.RC522_Request) for RC522_Request
    main.o(.text.CheckRFID) refers to rc522.o(.text.RC522_Anticoll) for RC522_Anticoll
    main.o(.text.CheckRFID) refers to main.o(.text.CompareUID) for CompareUID
    main.o(.text.CheckRFID) refers to main.o(.bss.currentMode) for currentMode
    main.o(.text.CheckRFID) refers to led.o(.text.LED_On) for LED_On
    main.o(.text.CheckRFID) refers to buzzer.o(.text.Buzzer_Off) for Buzzer_Off
    main.o(.text.CheckRFID) refers to oled.o(.text.OLED_Clear) for OLED_Clear
    main.o(.text.CheckRFID) refers to delay.o(.text.Delay_ms) for Delay_ms
    main.o(.ARM.exidx.text.CheckRFID) refers to main.o(.text.CheckRFID) for [Anonymous Symbol]
    main.o(.text.UpdateSensors) refers to bh1750.o(.text.BH1750_ReadLux) for BH1750_ReadLux
    main.o(.text.UpdateSensors) refers to mpu6050.o(.text.MPU6050_Read) for MPU6050_Read
    main.o(.text.UpdateSensors) refers to hcsr04.o(.text.HCSR04_GetDistance) for HCSR04_GetDistance
    main.o(.ARM.exidx.text.UpdateSensors) refers to main.o(.text.UpdateSensors) for [Anonymous Symbol]
    main.o(.text.CheckAlarms) refers to fcmp.o(x$fpl$fcmp) for __aeabi_fcmpge
    main.o(.text.CheckAlarms) refers to main.o(.bss.alarmState) for alarmState
    main.o(.text.CheckAlarms) refers to main.o(.bss.accelInitialized) for accelInitialized
    main.o(.text.CheckAlarms) refers to main.o(.bss.lastAccel) for lastAccel
    main.o(.text.CheckAlarms) refers to main.o(.bss.fastMoveAlarmCounter) for fastMoveAlarmCounter
    main.o(.text.CheckAlarms) refers to main.o(.bss.CheckAlarms.lastDistance) for CheckAlarms.lastDistance
    main.o(.text.CheckAlarms) refers to faddsub_clz.o(x$fpl$fsub) for __aeabi_fsub
    main.o(.ARM.exidx.text.CheckAlarms) refers to main.o(.text.CheckAlarms) for [Anonymous Symbol]
    main.o(.text.UpdateDisplay) refers to main.o(.data.UpdateDisplay.lastMode) for UpdateDisplay.lastMode
    main.o(.text.UpdateDisplay) refers to main.o(.bss.currentMode) for currentMode
    main.o(.text.UpdateDisplay) refers to main.o(.rodata.str1.1) for .L.str.1
    main.o(.text.UpdateDisplay) refers to oled.o(.text.OLED_ShowString) for OLED_ShowString
    main.o(.text.UpdateDisplay) refers to main.o(.data.UpdateDisplay.lastLux) for UpdateDisplay.lastLux
    main.o(.text.UpdateDisplay) refers to fcmp.o(x$fpl$fcmp) for __aeabi_fcmpeq
    main.o(.text.UpdateDisplay) refers to f2d.o(x$fpl$f2d) for __aeabi_f2d
    main.o(.text.UpdateDisplay) refers to sprintf.o(.text) for sprintf
    main.o(.text.UpdateDisplay) refers to main.o(.data.UpdateDisplay.lastDispAccel) for UpdateDisplay.lastDispAccel
    main.o(.text.UpdateDisplay) refers to main.o(.bss.alarmState) for alarmState
    main.o(.text.UpdateDisplay) refers to main.o(.data.UpdateDisplay.lastAlarmType) for UpdateDisplay.lastAlarmType
    main.o(.ARM.exidx.text.UpdateDisplay) refers to main.o(.text.UpdateDisplay) for [Anonymous Symbol]
    main.o(.text.ControlAlarm) refers to main.o(.bss.currentMode) for currentMode
    main.o(.text.ControlAlarm) refers to main.o(.bss.alarmState) for alarmState
    main.o(.text.ControlAlarm) refers to main.o(.bss.ControlAlarm.toggleCounter) for ControlAlarm.toggleCounter
    main.o(.text.ControlAlarm) refers to main.o(.bss.ledState) for ledState
[...]
    I2C_SendByte                             0x08002119   Thumb Code   162  mpu6050.o(.text.I2C_SendByte)
    [Anonymous Symbol]                       0x08002118   Section        0  mpu6050.o(.text.I2C_SendByte)
    I2C_SendByte_BH                          0x080021bd   Thumb Code   106  bh1750.o(.text.I2C_SendByte_BH)
    [Anonymous Symbol]                       0x080021bc   Section        0  bh1750.o(.text.I2C_SendByte_BH)
    I2C_Start                                0x08002229   Thumb Code    68  mpu6050.o(.text.I2C_Start)
    [Anonymous Symbol]                       0x08002228   Section        0  mpu6050.o(.text.I2C_Start)
    I2C_Start_BH                             0x0800226d   Thumb Code    32  bh1750.o(.text.I2C_Start_BH)
    [Anonymous Symbol]                       0x0800226c   Section        0  bh1750.o(.text.I2C_Start_BH)
    I2C_Stop                                 0x0800228d   Thumb Code    72  mpu6050.o(.text.I2C_Stop)
    [Anonymous Symbol]                       0x0800228c   Section        0  mpu6050.o(.text.I2C_Stop)
    I2C_Stop_BH                              0x080022d5   Thumb Code    32  bh1750.o(.text.I2C_Stop_BH)
    [Anonymous Symbol]                       0x080022d4   Section        0  bh1750.o(.text.I2C_Stop_BH)
    I2C_WaitAck                              0x080022f5   Thumb Code   138  mpu6050.o(.text.I2C_WaitAck)
    [Anonymous Symbol]                       0x080022f4   Section        0  mpu6050.o(.text.I2C_WaitAck)
    I2C_WaitAck_BH                           0x08002381   Thumb Code   132  bh1750.o(.text.I2C_WaitAck_BH)
    [Anonymous Symbol]                       0x08002380   Section        0  bh1750.o(.text.I2C_WaitAck_BH)
    I2C_WriteByte                            0x08002405   Thumb Code    64  mpu6050.o(.text.I2C_WriteByte)
    [Anonymous Symbol]                       0x08002404   Section        0  mpu6050.o(.text.I2C_WriteByte)
    I2C_WriteCmd_BH                          0x08002445   Thumb Code    54  bh1750.o(.text.I2C_WriteCmd_BH)
    [Anonymous Symbol]                       0x08002444   Section        0  bh1750.o(.text.I2C_WriteCmd_BH)
    [Anonymous Symbol]                       0x0800247c   Section        0  led.o(.text.LED_Init)
    [Anonymous Symbol]                       0x080024cc   Section        0  led.o(.text.LED_Off)
    [Anonymous Symbol]                       0x080024e0   Section        0  led.o(.text.LED_On)
    [Anonymous Symbol]                       0x080024f4   Section        0  mpu6050.o(.text.MPU6050_Init)
    [Anonymous Symbol]                       0x08002580   Section        0  mpu6050.o(.text.MPU6050_Read)
    [Anonymous Symbol]                       0x0800260c   Section        0  oled.o(.text.OLED_Clear)
    [Anonymous Symbol]                       0x08002668   Section        0  oled.o(.text.OLED_I2C_Init)
    [Anonymous Symbol]                       0x080026b0   Section        0  oled.o(.text.OLED_I2C_SendByte)
    [Anonymous Symbol]                       0x08002730   Section        0  oled.o(.text.OLED_I2C_Start)
    [Anonymous Symbol]                       0x08002770   Section        0  oled.o(.text.OLED_I2C_Stop)
    [Anonymous Symbol]                       0x080027a4   Section        0  oled.o(.text.OLED_Init)
    [Anonymous Symbol]                       0x080027e8   Section        0  oled.o(.text.OLED_SetCursor)
    [Anonymous Symbol]                       0x0800281c   Section        0  oled.o(.text.OLED_ShowChar)
    [Anonymous Symbol]                       0x080028f8   Section        0  oled.o(.text.OLED_ShowString)
    [Anonymous Symbol]                       0x08002944   Section        0  oled.o(.text.OLED_WriteCommand)
    [Anonymous Symbol]                       0x0800296c   Section        0  oled.o(.text.OLED_WriteData)
    RC522_AntennaOn                          0x08002995   Thumb Code    38  rc522.o(.text.RC522_AntennaOn)
    [Anonymous Symbol]                       0x08002994   Section        0  rc522.o(.text.RC522_AntennaOn)
    [Anonymous Symbol]                       0x080029bc   Section        0  rc522.o(.text.RC522_Anticoll)
    RC522_ClearBitMask                       0x08002a51   Thumb Code    46  rc522.o(.text.RC522_ClearBitMask)
    [Anonymous Symbol]                       0x08002a50   Section        0  rc522.o(.text.RC522_ClearBitMask)
    [Anonymous Symbol]                       0x08002a80   Section        0  rc522.o(.text.RC522_Init)
    RC522_ReadReg                            0x08002aed   Thumb Code    68  rc522.o(.text.RC522_ReadReg)
    [Anonymous Symbol]                       0x08002aec   Section        0  rc522.o(.text.RC522_ReadReg)
    [Anonymous Symbol]                       0x08002b30   Section        0  rc522.o(.text.RC522_Request)
    [Anonymous Symbol]                       0x08002b84   Section        0  rc522.o(.text.RC522_Reset)
    RC522_SPI_Init                           0x08002b99   Thumb Code   202  rc522.o(.text.RC522_SPI_Init)
    [Anonymous Symbol]                       0x08002b98   Section        0  rc522.o(.text.RC522_SPI_Init)
    RC522_SPI_Transfer                       0x08002c65   Thumb Code    86  rc522.o(.text.RC522_SPI_Transfer)
    [Anonymous Symbol]                       0x08002c64   Section        0  rc522.o(.text.RC522_SPI_Transfer)
    RC522_SetBitMask                         0x08002cbd   Thumb Code    46  rc522.o(.text.RC522_SetBitMask)
    [Anonymous Symbol]                       0x08002cbc   Section        0  rc522.o(.text.RC522_SetBitMask)
    [Anonymous Symbol]                       0x08002cec   Section        0  rc522.o(.text.RC522_ToCard)
    RC522_WriteReg                           0x08002f09   Thumb Code    64  rc522.o(.text.RC522_WriteReg)
    [Anonymous Symbol]                       0x08002f08   Section        0  rc522.o(.text.RC522_WriteReg)
    [Anonymous Symbol]                       0x08002f48   Section        0  stm32f10x_rcc.o(.text.RCC_APB2PeriphClockCmd)
    SCL_H_BH                                 0x08002f81   Thumb Code    18  bh1750.o(.text.SCL_H_BH)
    [Anonymous Symbol]                       0x08002f80   Section        0  bh1750.o(.text.SCL_H_BH)
    SCL_L_BH                                 0x08002f95   Thumb Code    18  bh1750.o(.text.SCL_L_BH)
    [Anonymous Symbol]                       0x08002f94   Section        0  bh1750.o(.text.SCL_L_BH)
    SDA_H_BH                                 0x08002fa9   Thumb Code    18  bh1750.o(.text.SDA_H_BH)
    [Anonymous Symbol]                       0x08002fa8   Section        0  bh1750.o(.text.SDA_H_BH)
    SDA_IN                                   0x08002fbd   Thumb Code    36  mpu6050.o(.text.SDA_IN)
    [Anonymous Symbol]                       0x08002fbc   Section        0  mpu6050.o(.text.SDA_IN)
    SDA_IN_BH                                0x08002fe1   Thumb Code    34  bh1750.o(.text.SDA_IN_BH)
    [Anonymous Symbol]                       0x08002fe0   Section        0  bh1750.o(.text.SDA_IN_BH)
    SDA_L_BH                                 0x08003005   Thumb Code    18  bh1750.o(.text.SDA_L_BH)
    [Anonymous Symbol]                       0x08003004   Section        0  bh1750.o(.text.SDA_L_BH)
    SDA_OUT                                  0x08003019   Thumb Code    42  mpu6050.o(.text.SDA_OUT)
    [Anonymous Symbol]                       0x08003018   Section        0  mpu6050.o(.text.SDA_OUT)
    SDA_OUT_BH                               0x08003045   Thumb Code    40  bh1750.o(.text.SDA_OUT_BH)
    [Anonymous Symbol]                       0x08003044   Section        0  bh1750.o(.text.SDA_OUT_BH)
    SDA_READ_BH                              0x0800306d   Thumb Code    18  bh1750.o(.text.SDA_READ_BH)
    [Anonymous Symbol]                       0x0800306c   Section        0  bh1750.o(.text.SDA_READ_BH)
    [Anonymous Symbol]                       0x08003080   Section        0  stm32f10x_spi.o(.text.SPI_Cmd)
    [Anonymous Symbol]                       0x080030ac   Section        0  stm32f10x_spi.o(.text.SPI_I2S_GetFlagStatus)
    [Anonymous Symbol]                       0x080030e4   Section        0  stm32f10x_spi.o(.text.SPI_I2S_ReceiveData)
    [Anonymous Symbol]                       0x080030f0   Section        0  stm32f10x_spi.o(.text.SPI_I2S_SendData)
    [Anonymous Symbol]                       0x08003104   Section        0  stm32f10x_spi.o(.text.SPI_Init)
    SetSysClock                              0x0800316d   Thumb Code     8  system_stm32f10x.o(.text.SetSysClock)
    [Anonymous Symbol]                       0x0800316c   Section        0  system_stm32f10x.o(.text.SetSysClock)
    SetSysClockTo72                          0x08003175   Thumb Code   290  system_stm32f10x.o(.text.SetSysClockTo72)
    [Anonymous Symbol]                       0x08003174   Section        0  system_stm32f10x.o(.text.SetSysClockTo72)
    [Anonymous Symbol]                       0x08003298   Section        0  system_stm32f10x.o(.text.SystemInit)
    UpdateDisplay                            0x08003301   Thumb Code   540  main.o(.text.UpdateDisplay)
    [Anonymous Symbol]                       0x08003300   Section        0  main.o(.text.UpdateDisplay)
    UpdateSensors                            0x0800351d   Thumb Code    78  main.o(.text.UpdateSensors)
    [Anonymous Symbol]                       0x0800351c   Section        0  main.o(.text.UpdateSensors)
    [Anonymous Symbol]                       0x0800356c   Section        0  main.o(.text.main)
    CL$$btod_d2e                             0x0800363e   Section       62  btod.o(CL$$btod_d2e)
    CL$$btod_d2e_denorm_low                  0x0800367c   Section       70  btod.o(CL$$btod_d2e_denorm_low)
    CL$$btod_d2e_norm_op1                    0x080036c2   Section       96  btod.o(CL$$btod_d2e_norm_op1)
    CL$$btod_div_common                      0x08003724   Section      824  btod.o(CL$$btod_div_common)
    CL$$btod_e2e                             0x08003a5c   Section      220  btod.o(CL$$btod_e2e)
    CL$$btod_ediv                            0x08003b38   Section       42  btod.o(CL$$btod_ediv)
    CL$$btod_emul                            0x08003b62   Section       42  btod.o(CL$$btod_emul)
    CL$$btod_mult_common                     0x08003b8c   Section      580  btod.o(CL$$btod_mult_common)
    i.__ARM_fpclassify                       0x08003dd0   Section        0  fpclassify.o(i.__ARM_fpclassify)
    i._is_digit                              0x08003df8   Section        0  __printf_wp.o(i._is_digit)
    locale$$code                             0x08003e08   Section       44  lc_numeric_c.o(locale$$code)
    locale$$code                             0x08003e34   Section       44  lc_ctype_c.o(locale$$code)
    x$fpl$dretinf                            0x08003e60   Section       12  dretinf.o(x$fpl$dretinf)
    x$fpl$f2d                                0x08003e6c   Section       86  f2d.o(x$fpl$f2d)
    x$fpl$fadd                               0x08003ec4   Section      196  faddsub_clz.o(x$fpl$fadd)
    _fadd1                                   0x08003ed3   Thumb Code     0  faddsub_clz.o(x$fpl$fadd)
    x$fpl$fcmp                               0x08003f88   Section       84  fcmp.o(x$fpl$fcmp)
    x$fpl$fcmpinf                            0x08003fdc   Section       24  fcmpi.o(x$fpl$fcmpinf)
    _fdiv1                                   0x08003ff5   Thumb Code     0  fdiv.o(x$fpl$fdiv)
    x$fpl$fdiv                               0x08003ff4   Section      388  fdiv.o(x$fpl$fdiv)
    x$fpl$feqf                               0x08004178   Section      104  feqf.o(x$fpl$feqf)
    x$fpl$fflt                               0x080041e0   Section       48  fflt_clz.o(x$fpl$fflt)
    x$fpl$ffltu                              0x08004210   Section       38  fflt_clz.o(x$fpl$ffltu)
    x$fpl$fgeqf                              0x08004238   Section      104  fgeqf.o(x$fpl$fgeqf)
    x$fpl$fleqf                              0x080042a0   Section      104  fleqf.o(x$fpl$fleqf)
    x$fpl$fmul                               0x08004308   Section      258  fmul.o(x$fpl$fmul)
    x$fpl$fnaninf                            0x0800440a   Section      140  fnaninf.o(x$fpl$fnaninf)
    x$fpl$fretinf                            0x08004496   Section       10  fretinf.o(x$fpl$fretinf)
    x$fpl$fsub                               0x080044a0   Section      234  faddsub_clz.o(x$fpl$fsub)
    _fsub1                                   0x080044af   Thumb Code     0  faddsub_clz.o(x$fpl$fsub)
    x$fpl$printf1                            0x0800458a   Section        4  printf1.o(x$fpl$printf1)
    x$fpl$printf2                            0x0800458e   Section        4  printf2.o(x$fpl$printf2)
    x$fpl$usenofp                            0x08004592   Section        0  usenofp.o(x$fpl$usenofp)
    initial_mbstate                          0x08004594   Data           8  _printf_wctomb.o(.constdata)
    .constdata                               0x08004594   Section        8  _printf_wctomb.o(.constdata)
    uc_hextab                                0x0800459c   Data          20  _printf_hex_int_ll_ptr.o(.constdata)
    .constdata                               0x0800459c   Section       40  _printf_hex_int_ll_ptr.o(.constdata)
    lc_hextab                                0x080045b0   Data          20  _printf_hex_int_ll_ptr.o(.constdata)
    maptable                                 0x080045c4   Data          17  __printf_flags_ss_wp.o(.constdata)
    .constdata                               0x080045c4   Section       17  __printf_flags_ss_wp.o(.constdata)
    lc_hextab                                0x080045d5   Data          19  _printf_fp_hex.o(.constdata)
    .constdata                               0x080045d5   Section       38  _printf_fp_hex.o(.constdata)
    uc_hextab                                0x080045e8   Data          19  _printf_fp_hex.o(.constdata)
    tenpwrs_x                                0x080045fc   Data          60  bigflt0.o(.constdata)
    .constdata                               0x080045fc   Section      148  bigflt0.o(.constdata)
    tenpwrs_i                                0x08004638   Data          64  bigflt0.o(.constdata)
    .L.str.8                                 0x08004c80   Data          17  main.o(.rodata.str1.1)
    [Anonymous Symbol]                       0x08004c80   Section        0  main.o(.rodata.str1.1)
    .L.str.4                                 0x08004c91   Data          13  main.o(.rodata.str1.1)
    .L.str.2                                 0x08004c9e   Data          16  main.o(.rodata.str1.1)
    .L.str.1                                 0x08004cae   Data          16  main.o(.rodata.str1.1)
    .L.str.3                                 0x08004cbe   Data          16  main.o(.rodata.str1.1)
    .L.str.7                                 0x08004cce   Data          17  main.o(.rodata.str1.1)
    .L.str                                   0x08004cdf   Data          15  main.o(.rodata.str1.1)
    .L.str.6                                 0x08004cee   Data          17  main.o(.rodata.str1.1)
    .L.str.5                                 0x08004cff   Data          17  main.o(.rodata.str1.1)
    locale$$data                             0x08004d30   Section       28  lc_numeric_c.o(locale$$data)
    __lcnum_c_name                           0x08004d34   Data           2  lc_numeric_c.o(locale$$data)
    __lcnum_c_start                          0x08004d3c   Data           0  lc_numeric_c.o(locale$$data)
    __lcnum_c_point                          0x08004d48   Data           0  lc_numeric_c.o(locale$$data)
    __lcnum_c_thousands                      0x08004d4a   Data           0  lc_numeric_c.o(locale$$data)
    __lcnum_c_grouping                       0x08004d4b   Data           0  lc_numeric_c.o(locale$$data)
    __lcnum_c_end                            0x08004d4c   Data           0  lc_numeric_c.o(locale$$data)
    locale$$data                             0x08004d4c   Section      272  lc_ctype_c.o(locale$$data)
    __lcctype_c_name                         0x08004d50   Data           2  lc_ctype_c.o(locale$$data)
    __lcctype_c_start                        0x08004d58   Data           0  lc_ctype_c.o(locale$$data)
    __lcctype_c_end                          0x08004e5c   Data           0  lc_ctype_c.o(locale$$data)
    UpdateDisplay.lastAlarmType              0x20000000   Data           1  main.o(.data.UpdateDisplay.lastAlarmType)
    [Anonymous Symbol]                       0x20000000   Section        0  main.o(.data.UpdateDisplay.lastAlarmType)
    UpdateDisplay.lastDispAccel              0x20000002   Data           2  main.o(.data.UpdateDisplay.lastDispAccel)
    [Anonymous Symbol]                       0x20000002   Section        0  main.o(.data.UpdateDisplay.lastDispAccel)
    UpdateDisplay.lastLux                    0x20000004   Data           4  main.o(.data.UpdateDisplay.lastLux)
    [Anonymous Symbol]                       0x20000004   Section        0  main.o(.data.UpdateDisplay.lastLux)
    UpdateDisplay.lastMode                   0x20000008   Data           1  main.o(.data.UpdateDisplay.lastMode)
    [Anonymous Symbol]                       0x20000008   Section        0  main.o(.data.UpdateDisplay.lastMode)
    .bss                                     0x20000010   Section       96  libspace.o(.bss)
    CheckAlarms.lastDistance                 0x20000070   Data           4  main.o(.bss.CheckAlarms.lastDistance)
    [Anonymous Symbol]                       0x20000070   Section        0  main.o(.bss.CheckAlarms.lastDistance)
    ControlAlarm.toggleCounter               0x20000074   Data           1  main.o(.bss.ControlAlarm.toggleCounter)
    [Anonymous Symbol]                       0x20000074   Section        0  main.o(.bss.ControlAlarm.toggleCounter)
    accelInitialized                         0x20000075   Data           1  main.o(.bss.accelInitialized)
    [Anonymous Symbol]                       0x20000075   Section        0  main.o(.bss.accelInitialized)
    alarmState                               0x20000076   Data           3  main.o(.bss.alarmState)
    [Anonymous Symbol]                       0x20000076   Section        0  main.o(.bss.alarmState)
    currentMode                              0x20000079   Data           1  main.o(.bss.currentMode)
    [Anonymous Symbol]                       0x20000079   Section        0  main.o(.bss.currentMode)
    fastMoveAlarmCounter                     0x2000007a   Data           1  main.o(.bss.fastMoveAlarmCounter)
    [Anonymous Symbol]                       0x2000007a   Section        0  main.o(.bss.fastMoveAlarmCounter)
    lastAccel                                0x2000007c   Data           6  main.o(.bss.lastAccel)
    [Anonymous Symbol]                       0x2000007c   Section        0  main.o(.bss.lastAccel)
    ledState                                 0x20000082   Data           1  main.o(.bss.ledState)
    [Anonymous Symbol]                       0x20000082   Section        0  main.o(.bss.ledState)
    Heap_Mem                                 0x20000088   Data         512  startup_stm32f10x_md.o(HEAP)
    HEAP                                     0x20000088   Section      512  startup_stm32f10x_md.o(HEAP)
    Stack_Mem                                0x20000288   Data        1024  startup_stm32f10x_md.o(STACK)
    STACK                                    0x20000288   Section     1024  startup_stm32f10x_md.o(STACK)
    __initial_sp                             0x20000688   Data           0  startup_stm32f10x_md.o(STACK)

    Global Symbols

    Symbol Name                              Value     Ov Type        Size  Object(Section)

    BuildAttributes$$THM_ISAv4$P$D$K$B$S$PE$A:L22UL41UL21$X:L11$S22US41US21$IEEE1$IW$~IW$USESV6$~STKCKD$USESV7$~SHL$OTIME$ROPI$IEEEJ$EBA8$UX$STANDARDLIB$REQ8$PRES8$EABIv2 0x00000000   Number         0  anon$$obj.o ABSOLUTE
    __fp_init_empty                          0x00000000   Number         0  fpinit_empty.o ABSOLUTE
    _printf_flags                            0x00000000   Number         0  printf_stubs.o ABSOLUTE
    _printf_return_value                     0x00000000   Number         0  printf_stubs.o ABSOLUTE
    _printf_sizespec                         0x00000000   Number         0  printf_stubs.o ABSOLUTE
    _printf_widthprec                        0x00000000   Number         0  printf_stubs.o ABSOLUTE
    __ARM_exceptions_init                     - Undefined Weak Reference
    __alloca_initialize                       - Undefined Weak Reference
    __arm_preinit_                            - Undefined Weak Reference
    __arm_relocate_pie_                       - Undefined Weak Reference
    __cpp_initialize__aeabi_                  - Undefined Weak Reference
    __cxa_finalize                            - Undefined Weak Reference
    __sigvec_lookup                           - Undefined Weak Reference
    _atexit_init                              - Undefined Weak Reference
    _call_atexit_fns                          - Undefined Weak Reference
    _clock_init                               - Undefined Weak Reference
    _fp_trap_init                             - Undefined Weak Reference
    _fp_trap_shutdown                         - Undefined Weak Reference
    _get_lc_collate                           - Undefined Weak Reference
    _get_lc_monetary                          - Undefined Weak Reference
    _get_lc_time                              - Undefined Weak Reference
    _getenv_init                              - Undefined Weak Reference
    _handle_redirection                       - Undefined Weak Reference
    _init_alloc                               - Undefined Weak Reference
    _init_user_alloc                          - Undefined Weak Reference
    _initio                                   - Undefined Weak Reference
    _printf_mbtowc                            - Undefined Weak Reference
    _printf_wc                                - Undefined Weak Reference
    _rand_init                                - Undefined Weak Reference
    _signal_finish                            - Undefined Weak Reference
    _signal_init                              - Undefined Weak Reference
    _terminate_alloc                          - Undefined Weak Reference
    _terminate_user_alloc                     - Undefined Weak Reference
    _terminateio                              - Undefined Weak Reference
    __Vectors_Size                           0x000000ec   Number         0  startup_stm32f10x_md.o ABSOLUTE
    __Vectors                                0x08000000   Data           4  startup_stm32f10x_md.o(RESET)
    __Vectors_End                            0x080000ec   Data           0  startup_stm32f10x_md.o(RESET)
    __main                                   0x080000ed   Thumb Code     8  __main.o(!!!main)
    __scatterload                            0x080000f5   Thumb Code     0  __scatter.o(!!!scatter)
    __scatterload_rt2                        0x080000f5   Thumb Code    84  __scatter.o(!!!scatter)
    __scatterload_rt2_thumb_only             0x080000f5   Thumb Code     0  __scatter.o(!!!scatter)
    __scatterload_loop                       0x080000ff   Thumb Code     0  __scatter.o(!!!scatter)
    __scatterload_copy                       0x08000151   Thumb Code    26  __scatter_copy.o(!!handler_copy)
    __scatterload_null                       0x0800016d   Thumb Code     2  __scatter.o(!!handler_null)
    __scatterload_zeroinit                   0x08000171   Thumb Code    28  __scatter_zi.o(!!handler_zi)
    _printf_n                                0x0800018d   Thumb Code     0  _printf_n.o(.ARM.Collect$$_printf_percent$$00000001)
    _printf_percent                          0x0800018d   Thumb Code     0  _printf_percent.o(.ARM.Collect$$_printf_percent$$00000000)
    _printf_p                                0x08000193   Thumb Code     0  _printf_p.o(.ARM.Collect$$_printf_percent$$00000002)
    _printf_f                                0x08000199   Thumb Code     0  _printf_f.o(.ARM.Collect$$_printf_percent$$00000003)
    _printf_e                                0x0800019f   Thumb Code     0  _printf_e.o(.ARM.Collect$$_printf_percent$$00000004)
    _printf_g                                0x080001a5   Thumb Code     0  _printf_g.o(.ARM.Collect$$_printf_percent$$00000005)
    _printf_a                                0x080001ab   Thumb Code     0  _printf_a.o(.ARM.Collect$$_printf_percent$$00000006)
    _printf_ll                               0x080001b1   Thumb Code     0  _printf_ll.o(.ARM.Collect$$_printf_percent$$00000007)
    _printf_i                                0x080001bb   Thumb Code     0  _printf_i.o(.ARM.Collect$$_printf_percent$$00000008)
    _printf_d                                0x080001c1   Thumb Code     0  _printf_d.o(.ARM.Collect$$_printf_percent$$00000009)
    _printf_u                                0x080001c7   Thumb Code     0  _printf_u.o(.ARM.Collect$$_printf_percent$$0000000A)
    _printf_o                                0x080001cd   Thumb Code     0  _printf_o.o(.ARM.Collect$$_printf_percent$$0000000B)
    _printf_x                                0x080001d3   Thumb Code     0  _printf_x.o(.ARM.Collect$$_printf_percent$$0000000C)
    _printf_lli                              0x080001d9   Thumb Code     0  _printf_lli.o(.ARM.Collect$$_printf_percent$$0000000D)
    _printf_lld                              0x080001df   Thumb Code     0  _printf_lld.o(.ARM.Collect$$_printf_percent$$0000000E)
    _printf_llu                              0x080001e5   Thumb Code     0  _printf_llu.o(.ARM.Collect$$_printf_percent$$0000000F)
    _printf_llo                              0x080001eb   Thumb Code     0  _printf_llo.o(.ARM.Collect$$_printf_percent$$00000010)
    _printf_llx                              0x080001f1   Thumb Code     0  _printf_llx.o(.ARM.Collect$$_printf_percent$$00000011)
    _printf_l                                0x080001f7   Thumb Code     0  _printf_l.o(.ARM.Collect$$_printf_percent$$00000012)
    _printf_c                                0x08000201   Thumb Code     0  _printf_c.o(.ARM.Collect$$_printf_percent$$00000013)
    _printf_s                                0x08000207   Thumb Code     0  _printf_s.o(.ARM.Collect$$_printf_percent$$00000014)
    _printf_lc                               0x0800020d   Thumb Code     0  _printf_lc.o(.ARM.Collect$$_printf_percent$$00000015)
    _printf_ls                               0x08000213   Thumb Code     0  _printf_ls.o(.ARM.Collect$$_printf_percent$$00000016)
    _printf_percent_end                      0x08000219   Thumb Code     0  _printf_percent_end.o(.ARM.Collect$$_printf_percent$$00000017)
    __rt_lib_init                            0x0800021d   Thumb Code     0  libinit.o(.ARM.Collect$$libinit$$00000000)
    __rt_lib_init_fp_1                       0x0800021f   Thumb Code     0  libinit2.o(.ARM.Collect$$libinit$$00000002)
    __rt_lib_init_heap_1                     0x0800021f   Thumb Code     0  libinit2.o(.ARM.Collect$$libinit$$0000000C)
    __rt_lib_init_lc_common                  0x0800021f   Thumb Code     0  libinit2.o(.ARM.Collect$$libinit$$00000011)
    __rt_lib_init_preinit_1                  0x0800021f   Thumb Code     0  libinit2.o(.ARM.Collect$$libinit$$00000006)
    __rt_lib_init_rand_1                     0x0800021f   Thumb Code     0  libinit2.o(.ARM.Collect$$libinit$$00000010)
    __rt_lib_init_relocate_pie_1             0x0800021f   Thumb Code     0  libinit2.o(.ARM.Collect$$libinit$$00000004)
    __rt_lib_init_user_alloc_1               0x0800021f   Thumb Code     0  libinit2.o(.ARM.Collect$$libinit$$0000000E)
    __rt_lib_init_lc_collate_1               0x08000225   Thumb Code     0  libinit2.o(.ARM.Collect$$libinit$$00000013)
    __rt_lib_init_lc_ctype_2                 0x08000225   Thumb Code     0  libinit2.o(.ARM.Collect$$libinit$$00000014)
    __rt_lib_init_lc_ctype_1                 0x08000231   Thumb Code     0  libinit2.o(.ARM.Collect$$libinit$$00000015)
    __rt_lib_init_lc_monetary_1              0x08000231   Thumb Code     0  libinit2.o(.ARM.Collect$$libinit$$00000017)
    __rt_lib_init_lc_numeric_2               0x08000231   Thumb Code     0  libinit2.o(.ARM.Collect$$libinit$$00000018)
    __rt_lib_init_alloca_1                   0x0800023b   Thumb Code     0  libinit2.o(.ARM.Collect$$libinit$$00000030)
    __rt_lib_init_argv_1                     0x0800023b   Thumb Code     0  libinit2.o(.ARM.Collect$$libinit$$0000002E)
    __rt_lib_init_atexit_1                   0x0800023b   Thumb Code     0  libinit2.o(.ARM.Collect$$libinit$$0000001D)
    __rt_lib_init_clock_1                    0x0800023b   Thumb Code     0  libinit2.o(.ARM.Collect$$libinit$$00000023)
    __rt_lib_init_cpp_1                      0x0800023b   Thumb Code     0  libinit2.o(.ARM.Collect$$libinit$$00000034)
    __rt_lib_init_exceptions_1               0x0800023b   Thumb Code     0  libinit2.o(.ARM.Collect$$libinit$$00000032)
    __rt_lib_init_fp_trap_1                  0x0800023b   Thumb Code     0  libinit2.o(.ARM.Collect$$libinit$$00000021)
    __rt_lib_init_getenv_1                   0x0800023b   Thumb Code     0  libinit2.o(.ARM.Collect$$libinit$$00000025)
    __rt_lib_init_lc_numeric_1               0x0800023b   Thumb Code     0  libinit2.o(.ARM.Collect$$libinit$$00000019)
    __rt_lib_init_lc_time_1                  0x0800023b   Thumb Code     0  libinit2.o(.ARM.Collect$$libinit$$0000001B)
    __rt_lib_init_return                     0x0800023b   Thumb Code     0  libinit2.o(.ARM.Collect$$libinit$$00000035)
    __rt_lib_init_signal_1                   0x0800023b   Thumb Code     0  libinit2.o(.ARM.Collect$$libinit$$0000001F)
    __rt_lib_init_stdio_1                    0x0800023b   Thumb Code     0  libinit2.o(.ARM.Collect$$libinit$$00000027)
    __rt_lib_shutdown                        0x0800023d   Thumb Code     0  libshutdown.o(.ARM.Collect$$libshutdown$$00000000)
    __rt_lib_shutdown_cpp_1                  0x0800023f   Thumb Code     0  libshutdown2.o(.ARM.Collect$$libshutdown$$00000002)
    __rt_lib_shutdown_fp_trap_1              0x0800023f   Thumb Code     0  libshutdown2.o(.ARM.Collect$$libshutdown$$00000007)
    __rt_lib_shutdown_heap_1                 0x0800023f   Thumb Code     0  libshutdown2.o(.ARM.Collect$$libshutdown$$0000000F)
    __rt_lib_shutdown_return                 0x0800023f   Thumb Code     0  libshutdown2.o(.ARM.Collect$$libshutdown$$00000010)
    __rt_lib_shutdown_signal_1               0x0800023f   Thumb Code     0  libshutdown2.o(.ARM.Collect$$libshutdown$$0000000A)
    __rt_lib_shutdown_stdio_1                0x0800023f   Thumb Code     0  libshutdown2.o(.ARM.Collect$$libshutdown$$00000004)
    __rt_lib_shutdown_user_alloc_1           0x0800023f   Thumb Code     0  libshutdown2.o(.ARM.Collect$$libshutdown$$0000000C)
    __rt_entry                               0x08000241   Thumb Code     0  __rtentry.o(.ARM.Collect$$rtentry$$00000000)
    __rt_entry_presh_1                       0x08000241   Thumb Code     0  __rtentry2.o(.ARM.Collect$$rtentry$$00000002)
    __rt_entry_sh                            0x08000241   Thumb Code     0  __rtentry4.o(.ARM.Collect$$rtentry$$00000004)
    __rt_entry_li                            0x08000247   Thumb Code     0  __rtentry2.o(.ARM.Collect$$rtentry$$0000000A)
    __rt_entry_postsh_1                      0x08000247   Thumb Code     0  __rtentry2.o(.ARM.Collect$$rtentry$$00000009)
    __rt_entry_main                          0x0800024b   Thumb Code     0  __rtentry2.o(.ARM.Collect$$rtentry$$0000000D)
    __rt_entry_postli_1                      0x0800024b   Thumb Code     0  __rtentry2.o(.ARM.Collect$$rtentry$$0000000C)
    __rt_exit                                0x08000253   Thumb Code     0  rtexit.o(.ARM.Collect$$rtexit$$00000000)
    __rt_exit_ls                             0x08000255   Thumb Code     0  rtexit2.o(.ARM.Collect$$rtexit$$00000003)
    __rt_exit_prels_1                        0x08000255   Thumb Code     0  rtexit2.o(.ARM.Collect$$rtexit$$00000002)
    __rt_exit_exit                           0x08000259   Thumb Code     0  rtexit2.o(.ARM.Collect$$rtexit$$00000004)
    Reset_Handler                            0x08000261   Thumb Code     8  startup_stm32f10x_md.o(.text)
    NMI_Handler                              0x08000269   Thumb Code     2  startup_stm32f10x_md.o(.text)
    HardFault_Handler                        0x0800026b   Thumb Code     2  startup_stm32f10x_md.o(.text)
    MemManage_Handler                        0x0800026d   Thumb Code     2  startup_stm32f10x_md.o(.text)
    BusFault_Handler                         0x0800026f   Thumb Code     2  startup_stm32f10x_md.o(.text)
    UsageFault_Handler                       0x08000271   Thumb Code     2  startup_stm32f10x_md.o(.text)
    SVC_Handler                              0x08000273   Thumb Code     2  startup_stm32f10x_md.o(.text)
    DebugMon_Handler                         0x08000275   Thumb Code     2  startup_stm32f10x_md.o(.text)
    PendSV_Handler                           0x08000277   Thumb Code     2  startup_stm32f10x_md.o(.text)
    SysTick_Handler                          0x08000279   Thumb Code     2  startup_stm32f10x_md.o(.text)
    ADC1_2_IRQHandler                        0x0800027b   Thumb Code     0  startup_stm32f10x_md.o(.text)
    CAN1_RX1_IRQHandler                      0x0800027b   Thumb Code     0  startup_stm32f10x_md.o(.text)
    CAN1_SCE_IRQHandler                      0x0800027b   Thumb Code     0  startup_stm32f10x_md.o(.text)
    DMA1_Channel1_IRQHandler                 0x0800027b   Thumb Code     0  startup_stm32f10x_md.o(.text)
    DMA1_Channel2_IRQHandler                 0x0800027b   Thumb Code     0  startup_stm32f10x_md.o(.text)
    DMA1_Channel3_IRQHandler                 0x0800027b   Thumb Code     0  startup_stm32f10x_md.o(.text)
    DMA1_Channel4_IRQHandler                 0x0800027b   Thumb Code     0  startup_stm32f10x_md.o(.text)
    DMA1_Channel5_IRQHandler                 0x0800027b   Thumb Code     0  startup_stm32f10x_md.o(.text)
    DMA1_Channel6_IRQHandler                 0x0800027b   Thumb Code     0  startup_stm32f10x_md.o(.text)
    DMA1_Channel7_IRQHandler                 0x0800027b   Thumb Code     0  startup_stm32f10x_md.o(.text)
    EXTI0_IRQHandler                         0x0800027b   Thumb Code     0  startup_stm32f10x_md.o(.text)
    EXTI15_10_IRQHandler                     0x0800027b   Thumb Code     0  startup_stm32f10x_md.o(.text)
    EXTI1_IRQHandler                         0x0800027b   Thumb Code     0  startup_stm32f10x_md.o(.text)
    EXTI2_IRQHandler                         0x0800027b   Thumb Code     0  startup_stm32f10x_md.o(.text)
    EXTI3_IRQHandler                         0x0800027b   Thumb Code     0  startup_stm32f10x_md.o(.text)
    EXTI4_IRQHandler                         0x0800027b   Thumb Code     0  startup_stm32f10x_md.o(.text)
    EXTI9_5_IRQHandler                       0x0800027b   Thumb Code     0  startup_stm32f10x_md.o(.text)
    FLASH_IRQHandler                         0x0800027b   Thumb Code     0  startup_stm32f10x_md.o(.text)
    I2C1_ER_IRQHandler                       0x0800027b   Thumb Code     0  startup_stm32f10x_md.o(.text)
    I2C1_EV_IRQHandler                       0x0800027b   Thumb Code     0  startup_stm32f10x_md.o(.text)
    I2C2_ER_IRQHandler                       0x0800027b   Thumb Code     0  startup_stm32f10x_md.o(.text)
    I2C2_EV_IRQHandler                       0x0800027b   Thumb Code     0  startup_stm32f10x_md.o(.text)
    PVD_IRQHandler                           0x0800027b   Thumb Code     0  startup_stm32f10x_md.o(.text)
    RCC_IRQHandler                           0x0800027b   Thumb Code     0  startup_stm32f10x_md.o(.text)
    RTCAlarm_IRQHandler                      0x0800027b   Thumb Code     0  startup_stm32f10x_md.o(.text)
    RTC_IRQHandler                           0x0800027b   Thumb Code     0  startup_stm32f10x_md.o(.text)
    SPI1_IRQHandler                          0x0800027b   Thumb Code     0  startup_stm32f10x_md.o(.text)
    SPI2_IRQHandler                          0x0800027b   Thumb Code     0  startup_stm32f10x_md.o(.text)
    TAMPER_IRQHandler                        0x0800027b   Thumb Code     0  startup_stm32f10x_md.o(.text)
    TIM1_BRK_IRQHandler                      0x0800027b   Thumb Code     0  startup_stm32f10x_md.o(.text)
    TIM1_CC_IRQHandler                       0x0800027b   Thumb Code     0  startup_stm32f10x_md.o(.text)
    TIM1_TRG_COM_IRQHandler                  0x0800027b   Thumb Code     0  startup_stm32f10x_md.o(.text)
    TIM1_UP_IRQHandler                       0x0800027b   Thumb Code     0  startup_stm32f10x_md.o(.text)
    TIM2_IRQHandler                          0x0800027b   Thumb Code     0  startup_stm32f10x_md.o(.text)
    TIM3_IRQHandler                          0x0800027b   Thumb Code     0  startup_stm32f10x_md.o(.text)
    TIM4_IRQHandler                          0x0800027b   Thumb Code     0  startup_stm32f10x_md.o(.text)
    USART1_IRQHandler                        0x0800027b   Thumb Code     0  startup_stm32f10x_md.o(.text)
    USART2_IRQHandler                        0x0800027b   Thumb Code     0  startup_stm32f10x_md.o(.text)
    USART3_IRQHandler                        0x0800027b   Thumb Code     0  startup_stm32f10x_md.o(.text)
    USBWakeUp_IRQHandler                     0x0800027b   Thumb Code     0  startup_stm32f10x_md.o(.text)
    USB_HP_CAN1_TX_IRQHandler                0x0800027b   Thumb Code     0  startup_stm32f10x_md.o(.text)
    USB_LP_CAN1_RX0_IRQHandler               0x0800027b   Thumb Code     0  startup_stm32f10x_md.o(.text)
    WWDG_IRQHandler                          0x0800027b   Thumb Code     0  startup_stm32f10x_md.o(.text)
    __user_initial_stackheap                 0x0800027d   Thumb Code     0  startup_stm32f10x_md.o(.text)
    sprintf                                  0x080002a1   Thumb Code    38  sprintf.o(.text)
    __use_two_region_memory                  0x080002cd   Thumb Code     2  heapauxi.o(.text)
    __rt_heap_escrow$2region                 0x080002cf   Thumb Code     2  heapauxi.o(.text)
    __rt_heap_expand$2region                 0x080002d1   Thumb Code     2  heapauxi.o(.text)
    _printf_pre_padding                      0x080002d3   Thumb Code    44  _printf_pad.o(.text)
    _printf_post_padding                     0x080002ff   Thumb Code    34  _printf_pad.o(.text)
    _printf_truncate_signed                  0x08000321   Thumb Code    18  _printf_truncate.o(.text)
    _printf_truncate_unsigned                0x08000333   Thumb Code    18  _printf_truncate.o(.text)
    _printf_str                              0x08000345   Thumb Code    82  _printf_str.o(.text)
    _printf_int_dec                          0x08000399   Thumb Code   104  _printf_dec.o(.text)
    _printf_charcount                        0x08000411   Thumb Code    40  _printf_charcount.o(.text)
    _printf_char_common                      0x08000443   Thumb Code    32  _printf_char_common.o(.text)
    _sputc                                   0x08000469   Thumb Code    10  _sputc.o(.text)
    _printf_wctomb                           0x08000475   Thumb Code   182  _printf_wctomb.o(.text)
    _printf_longlong_dec                     0x08000531   Thumb Code   108  _printf_longlong_dec.o(.text)
    _printf_longlong_oct                     0x080005ad   Thumb Code    68  _printf_oct_int_ll.o(.text)
    _printf_int_oct                          0x080005f1   Thumb Code    24  _printf_oct_int_ll.o(.text)
    _printf_ll_oct                           0x08000609   Thumb Code    12  _printf_oct_int_ll.o(.text)
    _printf_longlong_hex                     0x0800061d   Thumb Code    86  _printf_hex_int_ll_ptr.o(.text)
    _printf_int_hex                          0x08000673   Thumb Code    28  _printf_hex_int_ll_ptr.o(.text)
    _printf_ll_hex                           0x0800068f   Thumb Code    12  _printf_hex_int_ll_ptr.o(.text)
    _printf_hex_ptr                          0x0800069b   Thumb Code    18  _printf_hex_int_ll_ptr.o(.text)
    __printf                                 0x080006b1   Thumb Code   388  __printf_flags_ss_wp.o(.text)
    _ll_udiv10                               0x08000839   Thumb Code   138  lludiv10.o(.text)
    _printf_int_common                       0x080008c3   Thumb Code   178  _printf_intcommon.o(.text)
    _printf_fp_dec_real                      0x08000b25   Thumb Code   620  _printf_fp_dec.o(.text)
    _printf_fp_hex_real                      0x08000d91   Thumb Code   756  _printf_fp_hex.o(.text)
    _printf_cs_common                        0x0800108d   Thumb Code    20  _printf_char.o(.text)
    _printf_char                             0x080010a1   Thumb Code    16  _printf_char.o(.text)
    _printf_string                           0x080010b1   Thumb Code     8  _printf_char.o(.text)
    _printf_lcs_common                       0x080010b9   Thumb Code    20  _printf_wchar.o(.text)
    _printf_wchar                            0x080010cd   Thumb Code    16  _printf_wchar.o(.text)
    _printf_wstring                          0x080010dd   Thumb Code     8  _printf_wchar.o(.text)
    _c16rtomb                                0x080010e5   Thumb Code    72  _c16rtomb.o(.text)
    _wcrtomb                                 0x080010e5   Thumb Code     0  _c16rtomb.o(.text)
    __user_setup_stackheap                   0x0800112d   Thumb Code    74  sys_stackheap_outer.o(.text)
    __rt_ctype_table                         0x08001179   Thumb Code    16  rt_ctype_table.o(.text)
    __rt_locale                              0x08001189   Thumb Code     8  rt_locale_intlibspace.o(.text)
    _printf_fp_infnan                        0x08001191   Thumb Code   112  _printf_fp_infnan.o(.text)
    _btod_etento                             0x08001211   Thumb Code   224  bigflt0.o(.text)
    exit                                     0x080012f5   Thumb Code    18  exit.o(.text)
    __user_libspace                          0x08001309   Thumb Code     8  libspace.o(.text)
    __user_perproc_libspace                  0x08001309   Thumb Code     0  libspace.o(.text)
    __user_perthread_libspace                0x08001309   Thumb Code     0  libspace.o(.text)
    strcmp                                   0x08001311   Thumb Code   128  strcmpv7m.o(.text)
    _sys_exit                                0x08001391   Thumb Code     8  sys_exit.o(.text)
    __I$use$semihosting                      0x0800139d   Thumb Code     0  use_no_semi.o(.text)
    __use_no_semihosting_swi                 0x0800139d   Thumb Code     2  use_no_semi.o(.text)
    __semihosting_library_function           0x0800139f   Thumb Code     0  indicate_semi.o(.text)
    BH1750_Init                              0x080013a1   Thumb Code    96  bh1750.o(.text.BH1750_Init)
    BH1750_ReadLux                           0x08001401   Thumb Code   140  bh1750.o(.text.BH1750_ReadLux)
    Buzzer_Init                              0x0800148d   Thumb Code    54  buzzer.o(.text.Buzzer_Init)
    Buzzer_Off                               0x080014c5   Thumb Code    20  buzzer.o(.text.Buzzer_Off)
    Buzzer_On                                0x080014d9   Thumb Code    20  buzzer.o(.text.Buzzer_On)
    Delay_ms                                 0x080018e5   Thumb Code    62  delay.o(.text.Delay_ms)
    Delay_us                                 0x08001925   Thumb Code    50  delay.o(.text.Delay_us)
    GPIO_Init                                0x08001959   Thumb Code   390  stm32f10x_gpio.o(.text.GPIO_Init)
    GPIO_PinRemapConfig                      0x08001ae1   Thumb Code   250  stm32f10x_gpio.o(.text.GPIO_PinRemapConfig)
    GPIO_ReadInputDataBit                    0x08001bdd   Thumb Code    52  stm32f10x_gpio.o(.text.GPIO_ReadInputDataBit)
    GPIO_ResetBits                           0x08001c11   Thumb Code    20  stm32f10x_gpio.o(.text.GPIO_ResetBits)
    GPIO_SetBits                             0x08001c25   Thumb Code    20  stm32f10x_gpio.o(.text.GPIO_SetBits)
    GPIO_WriteBit                            0x08001c39   Thumb Code    44  stm32f10x_gpio.o(.text.GPIO_WriteBit)
    HCSR04_GetDistance                       0x08001c65   Thumb Code   272  hcsr04.o(.text.HCSR04_GetDistance)
    HCSR04_Init                              0x08001d75   Thumb Code    82  hcsr04.o(.text.HCSR04_Init)
    LED_Init                                 0x0800247d   Thumb Code    78  led.o(.text.LED_Init)
    LED_Off                                  0x080024cd   Thumb Code    20  led.o(.text.LED_Off)
    LED_On                                   0x080024e1   Thumb Code    20  led.o(.text.LED_On)
    MPU6050_Init                             0x080024f5   Thumb Code   138  mpu6050.o(.text.MPU6050_Init)
    MPU6050_Read                             0x08002581   Thumb Code   138  mpu6050.o(.text.MPU6050_Read)
    OLED_Clear                               0x0800260d   Thumb Code    90  oled.o(.text.OLED_Clear)
    OLED_I2C_Init                            0x08002669   Thumb Code    72  oled.o(.text.OLED_I2C_Init)
    OLED_I2C_SendByte                        0x080026b1   Thumb Code   126  oled.o(.text.OLED_I2C_SendByte)
    OLED_I2C_Start                           0x08002731   Thumb Code    64  oled.o(.text.OLED_I2C_Start)
    OLED_I2C_Stop                            0x08002771   Thumb Code    50  oled.o(.text.OLED_I2C_Stop)
    OLED_Init                                0x080027a5   Thumb Code    68  oled.o(.text.OLED_Init)
    OLED_SetCursor                           0x080027e9   Thumb Code    52  oled.o(.text.OLED_SetCursor)
    OLED_ShowChar                            0x0800281d   Thumb Code   220  oled.o(.text.OLED_ShowChar)
    OLED_ShowString                          0x080028f9   Thumb Code    76  oled.o(.text.OLED_ShowString)
    OLED_WriteCommand                        0x08002945   Thumb Code    40  oled.o(.text.OLED_WriteCommand)
    OLED_WriteData                           0x0800296d   Thumb Code    40  oled.o(.text.OLED_WriteData)
    RC522_Anticoll                           0x080029bd   Thumb Code   148  rc522.o(.text.RC522_Anticoll)
    RC522_Init                               0x08002a81   Thumb Code   108  rc522.o(.text.RC522_Init)
    RC522_Request                            0x08002b31   Thumb Code    82  rc522.o(.text.RC522_Request)
    RC522_Reset                              0x08002b85   Thumb Code    18  rc522.o(.text.RC522_Reset)
    RC522_ToCard                             0x08002ced   Thumb Code   540  rc522.o(.text.RC522_ToCard)
    RCC_APB2PeriphClockCmd                   0x08002f49   Thumb Code    56  stm32f10x_rcc.o(.text.RCC_APB2PeriphClockCmd)
    SPI_Cmd                                  0x08003081   Thumb Code    44  stm32f10x_spi.o(.text.SPI_Cmd)
    SPI_I2S_GetFlagStatus                    0x080030ad   Thumb Code    54  stm32f10x_spi.o(.text.SPI_I2S_GetFlagStatus)
    SPI_I2S_ReceiveData                      0x080030e5   Thumb Code    12  stm32f10x_spi.o(.text.SPI_I2S_ReceiveData)
    SPI_I2S_SendData                         0x080030f1   Thumb Code    20  stm32f10x_spi.o(.text.SPI_I2S_SendData)
    SPI_Init                                 0x08003105   Thumb Code   104  stm32f10x_spi.o(.text.SPI_Init)
    SystemInit                               0x08003299   Thumb Code   102  system_stm32f10x.o(.text.SystemInit)
    main                                     0x0800356d   Thumb Code   210  main.o(.text.main)
    _btod_d2e                                0x0800363f   Thumb Code    62  btod.o(CL$$btod_d2e)
    _d2e_denorm_low                          0x0800367d   Thumb Code    70  btod.o(CL$$btod_d2e_denorm_low)
    _d2e_norm_op1                            0x080036c3   Thumb Code    96  btod.o(CL$$btod_d2e_norm_op1)
    __btod_div_common                        0x08003725   Thumb Code   696  btod.o(CL$$btod_div_common)
    _e2e                                     0x08003a5d   Thumb Code   220  btod.o(CL$$btod_e2e)
    _btod_ediv                               0x08003b39   Thumb Code    42  btod.o(CL$$btod_ediv)
    _btod_emul                               0x08003b63   Thumb Code    42  btod.o(CL$$btod_emul)
    __btod_mult_common                       0x08003b8d   Thumb Code   580  btod.o(CL$$btod_mult_common)
    __ARM_fpclassify                         0x08003dd1   Thumb Code    40  fpclassify.o(i.__ARM_fpclassify)
    _is_digit                                0x08003df9   Thumb Code    14  __printf_wp.o(i._is_digit)
    _get_lc_numeric                          0x08003e09   Thumb Code    44  lc_numeric_c.o(locale$$code)
    _get_lc_ctype                            0x08003e35   Thumb Code    44  lc_ctype_c.o(locale$$code)
    __fpl_dretinf                            0x08003e61   Thumb Code    12  dretinf.o(x$fpl$dretinf)
    __aeabi_f2d                              0x08003e6d   Thumb Code     0  f2d.o(x$fpl$f2d)
    _f2d                                     0x08003e6d   Thumb Code    86  f2d.o(x$fpl$f2d)
    __aeabi_fadd                             0x08003ec5   Thumb Code     0  faddsub_clz.o(x$fpl$fadd)
    _fadd                                    0x08003ec5   Thumb Code   196  faddsub_clz.o(x$fpl$fadd)
    __aeabi_fcmpeq                           0x08003f89   Thumb Code     0  fcmp.o(x$fpl$fcmp)
    _feq                                     0x08003f89   Thumb Code    14  fcmp.o(x$fpl$fcmp)
    _fneq                                    0x08003f97   Thumb Code    14  fcmp.o(x$fpl$fcmp)
    __aeabi_fcmpgt                           0x08003fa5   Thumb Code     0  fcmp.o(x$fpl$fcmp)
    _fgr                                     0x08003fa5   Thumb Code    14  fcmp.o(x$fpl$fcmp)
    __aeabi_fcmpge                           0x08003fb3   Thumb Code     0  fcmp.o(x$fpl$fcmp)
    _fgeq                                    0x08003fb3   Thumb Code    14  fcmp.o(x$fpl$fcmp)
    __aeabi_fcmple                           0x08003fc1   Thumb Code     0  fcmp.o(x$fpl$fcmp)
    _fleq                                    0x08003fc1   Thumb Code    14  fcmp.o(x$fpl$fcmp)
    __aeabi_fcmplt                           0x08003fcf   Thumb Code     0  fcmp.o(x$fpl$fcmp)
    _fls                                     0x08003fcf   Thumb Code    14  fcmp.o(x$fpl$fcmp)
    __fpl_fcmp_Inf                           0x08003fdd   Thumb Code    24  fcmpi.o(x$fpl$fcmpinf)
    __aeabi_fdiv                             0x08003ff5   Thumb Code     0  fdiv.o(x$fpl$fdiv)
    _fdiv                                    0x08003ff5   Thumb Code   384  fdiv.o(x$fpl$fdiv)
    __aeabi_cfcmpeq                          0x08004179   Thumb Code     0  feqf.o(x$fpl$feqf)
    _fcmpeq                                  0x08004179   Thumb Code   104  feqf.o(x$fpl$feqf)
    __aeabi_i2f                              0x080041e1   Thumb Code     0  fflt_clz.o(x$fpl$fflt)
    _fflt                                    0x080041e1   Thumb Code    48  fflt_clz.o(x$fpl$fflt)
    __aeabi_ui2f                             0x08004211   Thumb Code     0  fflt_clz.o(x$fpl$ffltu)
    _ffltu                                   0x08004211   Thumb Code    38  fflt_clz.o(x$fpl$ffltu)
    _fcmpge                                  0x08004239   Thumb Code   104  fgeqf.o(x$fpl$fgeqf)
    __aeabi_cfcmple                          0x080042a1   Thumb Code     0  fleqf.o(x$fpl$fleqf)
    _fcmple                                  0x080042a1   Thumb Code   104  fleqf.o(x$fpl$fleqf)
    __fpl_fcmple_InfNaN                      0x080042f3   Thumb Code     0  fleqf.o(x$fpl$fleqf)
    __aeabi_fmul                             0x08004309   Thumb Code     0  fmul.o(x$fpl$fmul)
    _fmul                                    0x08004309   Thumb Code   258  fmul.o(x$fpl$fmul)
    __fpl_fnaninf                            0x0800440b   Thumb Code   140  fnaninf.o(x$fpl$fnaninf)
    __fpl_fretinf                            0x08004497   Thumb Code    10  fretinf.o(x$fpl$fretinf)
    __aeabi_fsub                             0x080044a1   Thumb Code     0  faddsub_clz.o(x$fpl$fsub)
    _fsub                                    0x080044a1   Thumb Code   234  faddsub_clz.o(x$fpl$fsub)
    _printf_fp_dec                           0x0800458b   Thumb Code     4  printf1.o(x$fpl$printf1)
    _printf_fp_hex                           0x0800458f   Thumb Code     4  printf2.o(x$fpl$printf2)
    __I$use$fp                               0x08004592   Number         0  usenofp.o(x$fpl$usenofp)
    OLED_F8x16                               0x08004690   Data        1520  oled.o(.rodata.OLED_F8x16)
    Region$$Table$$Base                      0x08004d10   Number         0  anon$$obj.o(Region$$Table)
    Region$$Table$$Limit                     0x08004d30   Number         0  anon$$obj.o(Region$$Table)
    __ctype                                  0x08004d59   Data           0  lc_ctype_c.o(locale$$data)
    __libspace_start                         0x20000010   Data          96  libspace.o(.bss)
    __temporary_stack_top$libspace           0x20000070   Data           0  libspace.o(.bss)



==============================================================================

Memory Map of the image

  Image Entry point : 0x08000261

  Load Region LR_1 (Base: 0x08000000, Size: 0x00004e68, Max: 0xffffffff, ABSOLUTE)

    Execution Region ER_RO (Exec base: 0x08000000, Load base: 0x08000000, Size: 0x00004e5c, Max: 0xffffffff, ABSOLUTE)

    Exec Addr    Load Addr    Size         Type   Attr      Idx    E Section Name        Object

    0x08000000   0x08000000   0x000000ec   Data   RO         1393    RESET               startup_stm32f10x_md.o
    0x080000ec   0x080000ec   0x00000008   Code   RO         1423  * !!!main             c_w.l(__main.o)
    0x080000f4   0x080000f4   0x0000005c   Code   RO         1796    !!!scatter          c_w.l(__scatter.o)
    0x08000150   0x08000150   0x0000001a   Code   RO         1800    !!handler_copy      c_w.l(__scatter_copy.o)
    0x0800016a   0x0800016a   0x00000002   PAD
    0x0800016c   0x0800016c   0x00000002   Code   RO         1797    !!handler_null      c_w.l(__scatter.o)
    0x0800016e   0x0800016e   0x00000002   PAD
    0x08000170   0x08000170   0x0000001c   Code   RO         1802    !!handler_zi        c_w.l(__scatter_zi.o)
    0x0800018c   0x0800018c   0x00000000   Code   RO         1529    .ARM.Collect$$_printf_percent$$00000000  c_w.l(_printf_percent.o)
    0x0800018c   0x0800018c   0x00000006   Code   RO         1518    .ARM.Collect$$_printf_percent$$00000001  c_w.l(_printf_n.o)
    0x08000192   0x08000192   0x00000006   Code   RO         1520    .ARM.Collect$$_printf_percent$$00000002  c_w.l(_printf_p.o)
    0x08000198   0x08000198   0x00000006   Code   RO         1525    .ARM.Collect$$_printf_percent$$00000003  c_w.l(_printf_f.o)
    0x0800019e   0x0800019e   0x00000006   Code   RO         1526    .ARM.Collect$$_printf_percent$$00000004  c_w.l(_printf_e.o)
    0x080001a4   0x080001a4   0x00000006   Code   RO         1527    .ARM.Collect$$_printf_percent$$00000005  c_w.l(_printf_g.o)
    0x080001aa   0x080001aa   0x00000006   Code   RO         1528    .ARM.Collect$$_printf_percent$$00000006  c_w.l(_printf_a.o)
    0x080001b0   0x080001b0   0x0000000a   Code   RO         1533    .ARM.Collect$$_printf_percent$$00000007  c_w.l(_printf_ll.o)
    0x080001ba   0x080001ba   0x00000006   Code   RO         1522    .ARM.Collect$$_printf_percent$$00000008  c_w.l(_printf_i.o)
    0x080001c0   0x080001c0   0x00000006   Code   RO         1523    .ARM.Collect$$_printf_percent$$00000009  c_w.l(_printf_d.o)
    0x080001c6   0x080001c6   0x00000006   Code   RO         1524    .ARM.Collect$$_printf_percent$$0000000A  c_w.l(_printf_u.o)
    0x080001cc   0x080001cc   0x00000006   Code   RO         1521    .ARM.Collect$$_printf_percent$$0000000B  c_w.l(_printf_o.o)
    0x080001d2   0x080001d2   0x00000006   Code   RO         1519    .ARM.Collect$$_printf_percent$$0000000C  c_w.l(_printf_x.o)
    0x080001d8   0x080001d8   0x00000006   Code   RO         1530    .ARM.Collect$$_printf_percent$$0000000D  c_w.l(_printf_lli.o)
    0x080001de   0x080001de   0x00000006   Code   RO         1531    .ARM.Collect$$_printf_percent$$0000000E  c_w.l(_printf_lld.o)
    0x080001e4   0x080001e4   0x00000006   Code   RO         1532    .ARM.Collect$$_printf_percent$$0000000F  c_w.l(_printf_llu.o)
    0x080001ea   0x080001ea   0x00000006   Code   RO         1537    .ARM.Collect$$_printf_percent$$00000010  c_w.l(_printf_llo.o)
    0x080001f0   0x080001f0   0x00000006   Code   RO         1538    .ARM.Collect$$_printf_percent$$00000011  c_w.l(_printf_llx.o)
    0x080001f6   0x080001f6   0x0000000a   Code   RO         1534    .ARM.Collect$$_printf_percent$$00000012  c_w.l(_printf_l.o)
    0x08000200   0x08000200   0x00000006   Code   RO         1516    .ARM.Collect$$_printf_percent$$00000013  c_w.l(_printf_c.o)
    0x08000206   0x08000206   0x00000006   Code   RO         1517    .ARM.Collect$$_printf_percent$$00000014  c_w.l(_printf_s.o)
    0x0800020c   0x0800020c   0x00000006   Code   RO         1535    .ARM.Collect$$_printf_percent$$00000015  c_w.l(_printf_lc.o)
    0x08000212   0x08000212   0x00000006   Code   RO         1536    .ARM.Collect$$_printf_percent$$00000016  c_w.l(_printf_ls.o)
    0x08000218   0x08000218   0x00000004   Code   RO         1592    .ARM.Collect$$_printf_percent$$00000017  c_w.l(_printf_percent_end.o)
    0x0800021c   0x0800021c   0x00000002   Code   RO         1645    .ARM.Collect$$libinit$$00000000  c_w.l(libinit.o)
    0x0800021e   0x0800021e   0x00000000   Code   RO         1663    .ARM.Collect$$libinit$$00000002  c_w.l(libinit2.o)
    0x0800021e   0x0800021e   0x00000000   Code   RO         1665    .ARM.Collect$$libinit$$00000004  c_w.l(libinit2.o)
    0x0800021e   0x0800021e   0x00000000   Code   RO         1667    .ARM.Collect$$libinit$$00000006  c_w.l(libinit2.o)
    0x0800021e   0x0800021e   0x00000000   Code   RO         1670    .ARM.Collect$$libinit$$0000000C  c_w.l(libinit2.o)
    0x0800021e   0x0800021e   0x00000000   Code   RO         1672    .ARM.Collect$$libinit$$0000000E  c_w.l(libinit2.o)
    0x0800021e   0x0800021e   0x00000000   Code   RO         1674    .ARM.Collect$$libinit$$00000010  c_w.l(libinit2.o)
    0x0800021e   0x0800021e   0x00000006   Code   RO         1675    .ARM.Collect$$libinit$$00000011  c_w.l(libinit2.o)
    0x08000224   0x08000224   0x00000000   Code   RO         1677    .ARM.Collect$$libinit$$00000013  c_w.l(libinit2.o)
    0x08000224   0x08000224   0x0000000c   Code   RO         1678    .ARM.Collect$$libinit$$00000014  c_w.l(libinit2.o)
    0x08000230   0x08000230   0x00000000   Code   RO         1679    .ARM.Collect$$libinit$$00000015  c_w.l(libinit2.o)
    0x08000230   0x08000230   0x00000000   Code   RO         1681    .ARM.Collect$$libinit$$00000017  c_w.l(libinit2.o)
    0x08000230   0x08000230   0x0000000a   Code   RO         1682    .ARM.Collect$$libinit$$00000018  c_w.l(libinit2.o)
    0x0800023a   0x0800023a   0x00000000   Code   RO         1683    .ARM.Collect$$libinit$$00000019  c_w.l(libinit2.o)
    0x0800023a   0x0800023a   0x00000000   Code   RO         1685    .ARM.Collect$$libinit$$0000001B  c_w.l(libinit2.o)
    0x0800023a   0x0800023a   0x00000000   Code   RO         1687    .ARM.Collect$$libinit$$0000001D  c_w.l(libinit2.o)
    0x0800023a   0x0800023a   0x00000000   Code   RO         1689    .ARM.Collect$$libinit$$0000001F  c_w.l(libinit2.o)
    0x0800023a   0x0800023a   0x00000000   Code   RO         1691    .ARM.Collect$$libinit$$00000021  c_w.l(libinit2.o)
    0x0800023a   0x0800023a   0x00000000   Code   RO         1693    .ARM.Collect$$libinit$$00000023  c_w.l(libinit2.o)
    0x0800023a   0x0800023a   0x00000000   Code   RO         1695    .ARM.Collect$$libinit$$00000025  c_w.l(libinit2.o)
    0x0800023a   0x0800023a   0x00000000   Code   RO         1697    .ARM.Collect$$libinit$$00000027  c_w.l(libinit2.o)
    0x0800023a   0x0800023a   0x00000000   Code   RO         1701    .ARM.Collect$$libinit$$0000002E  c_w.l(libinit2.o)
    0x0800023a   0x0800023a   0x00000000   Code   RO         1703    .ARM.Collect$$libinit$$00000030  c_w.l(libinit2.o)
    0x0800023a   0x0800023a   0x00000000   Code   RO         1705    .ARM.Collect$$libinit$$00000032  c_w.l(libinit2.o)
    0x0800023a   0x0800023a   0x00000000   Code   RO         1707    .ARM.Collect$$libinit$$00000034  c_w.l(libinit2.o)
    0x0800023a   0x0800023a   0x00000002   Code   RO         1708    .ARM.Collect$$libinit$$00000035  c_w.l(libinit2.o)
    0x0800023c   0x0800023c   0x00000002   Code   RO         1732    .ARM.Collect$$libshutdown$$00000000  c_w.l(libshutdown.o)
    0x0800023e   0x0800023e   0x00000000   Code   RO         1747    .ARM.Collect$$libshutdown$$00000002  c_w.l(libshutdown2.o)
    0x0800023e   0x0800023e   0x00000000   Code   RO         1749    .ARM.Collect$$libshutdown$$00000004  c_w.l(libshutdown2.o)
    0x0800023e   0x0800023e   0x00000000   Code   RO         1752    .ARM.Collect$$libshutdown$$00000007  c_w.l(libshutdown2.o)
    0x0800023e   0x0800023e   0x00000000   Code   RO         1755    .ARM.Collect$$libshutdown$$0000000A  c_w.l(libshutdown2.o)
    0x0800023e   0x0800023e   0x00000000   Code   RO         1757    .ARM.Collect$$libshutdown$$0000000C  c_w.l(libshutdown2.o)
    0x0800023e   0x0800023e   0x00000000   Code   RO         1760    .ARM.Collect$$libshutdown$$0000000F  c_w.l(libshutdown2.o)
    0x0800023e   0x0800023e   0x00000002   Code   RO         1761    .ARM.Collect$$libshutdown$$00000010  c_w.l(libshutdown2.o)
    0x08000240   0x08000240   0x00000000   Code   RO         1447    .ARM.Collect$$rtentry$$00000000  c_w.l(__rtentry.o)
    0x08000240   0x08000240   0x00000000   Code   RO         1561    .ARM.Collect$$rtentry$$00000002  c_w.l(__rtentry2.o)
    0x08000240   0x08000240   0x00000006   Code   RO         1573    .ARM.Collect$$rtentry$$00000004  c_w.l(__rtentry4.o)
    0x08000246   0x08000246   0x00000000   Code   RO         1563    .ARM.Collect$$rtentry$$00000009  c_w.l(__rtentry2.o)
    0x08000246   0x08000246   0x00000004   Code   RO         1564    .ARM.Collect$$rtentry$$0000000A  c_w.l(__rtentry2.o)
    0x0800024a   0x0800024a   0x00000000   Code   RO         1566    .ARM.Collect$$rtentry$$0000000C  c_w.l(__rtentry2.o)
    0x0800024a   0x0800024a   0x00000008   Code   RO         1567    .ARM.Collect$$rtentry$$0000000D  c_w.l(__rtentry2.o)
    0x08000252   0x08000252   0x00000002   Code   RO         1653    .ARM.Collect$$rtexit$$00000000  c_w.l(rtexit.o)
    0x08000254   0x08000254   0x00000000   Code   RO         1710    .ARM.Collect$$rtexit$$00000002  c_w.l(rtexit2.o)
    0x08000254   0x08000254   0x00000004   Code   RO         1711    .ARM.Collect$$rtexit$$00000003  c_w.l(rtexit2.o)
    0x08000258   0x08000258   0x00000006   Code   RO         1712    .ARM.Collect$$rtexit$$00000004  c_w.l(rtexit2.o)
    0x0800025e   0x0800025e   0x00000002   PAD
    0x08000260   0x08000260   0x00000040   Code   RO         1394  * .text               startup_stm32f10x_md.o
    0x080002a0   0x080002a0   0x0000002c   Code   RO         1419    .text               c_w.l(sprintf.o)
    0x080002cc   0x080002cc   0x00000006   Code   RO         1421    .text               c_w.l(heapauxi.o)
    0x080002d2   0x080002d2   0x0000004e   Code   RO         1450    .text               c_w.l(_printf_pad.o)
    0x08000320   0x08000320   0x00000024   Code   RO         1452    .text               c_w.l(_printf_truncate.o)
    0x08000344   0x08000344   0x00000052   Code   RO         1454    .text               c_w.l(_printf_str.o)
    0x08000396   0x08000396   0x00000002   PAD
    0x08000398   0x08000398   0x00000078   Code   RO         1456    .text               c_w.l(_printf_dec.o)
    0x08000410   0x08000410   0x00000028   Code   RO         1458    .text               c_w.l(_printf_charcount.o)
    0x08000438   0x08000438   0x00000030   Code   RO         1460    .text               c_w.l(_printf_char_common.o)
    0x08000468   0x08000468   0x0000000a   Code   RO         1462    .text               c_w.l(_sputc.o)
    0x08000472   0x08000472   0x00000002   PAD
    0x08000474   0x08000474   0x000000bc   Code   RO         1464    .text               c_w.l(_printf_wctomb.o)
    0x08000530   0x08000530   0x0000007c   Code   RO         1467    .text               c_w.l(_printf_longlong_dec.o)
    0x080005ac   0x080005ac   0x00000070   Code   RO         1473    .text               c_w.l(_printf_oct_int_ll.o)
    0x0800061c   0x0800061c   0x00000094   Code   RO         1493    .text               c_w.l(_printf_hex_int_ll_ptr.o)
    0x080006b0   0x080006b0   0x00000188   Code   RO         1513    .text               c_w.l(__printf_flags_ss_wp.o)
    0x08000838   0x08000838   0x0000008a   Code   RO         1575    .text               c_w.l(lludiv10.o)
    0x080008c2   0x080008c2   0x000000b2   Code   RO         1577    .text               c_w.l(_printf_intcommon.o)
    0x08000974   0x08000974   0x0000041c   Code   RO         1579    .text               c_w.l(_printf_fp_dec.o)
    0x08000d90   0x08000d90   0x000002fc   Code   RO         1583    .text               c_w.l(_printf_fp_hex.o)
    0x0800108c   0x0800108c   0x0000002c   Code   RO         1588    .text               c_w.l(_printf_char.o)
    0x080010b8   0x080010b8   0x0000002c   Code   RO         1590    .text               c_w.l(_printf_wchar.o)
    0x080010e4   0x080010e4   0x00000048   Code   RO         1593    .text               c_w.l(_c16rtomb.o)
    0x0800112c   0x0800112c   0x0000004a   Code   RO         1597    .text               c_w.l(sys_stackheap_outer.o)
    0x08001176   0x08001176   0x00000002   PAD
    0x08001178   0x08001178   0x00000010   Code   RO         1599    .text               c_w.l(rt_ctype_table.o)
    0x08001188   0x08001188   0x00000008   Code   RO         1604    .text               c_w.l(rt_locale_intlibspace.o)
    0x08001190   0x08001190   0x00000080   Code   RO         1606    .text               c_w.l(_printf_fp_infnan.o)
    0x08001210   0x08001210   0x000000e4   Code   RO         1608    .text               c_w.l(bigflt0.o)
    0x080012f4   0x080012f4   0x00000012   Code   RO         1638    .text               c_w.l(exit.o)
    0x08001306   0x08001306   0x00000002   PAD
    0x08001308   0x08001308   0x00000008   Code   RO         1650    .text               c_w.l(libspace.o)
    0x08001310   0x08001310   0x00000080   Code   RO         1660    .text               c_w.l(strcmpv7m.o)
    0x08001390   0x08001390   0x0000000c   Code   RO         1722    .text               c_w.l(sys_exit.o)
    0x0800139c   0x0800139c   0x00000002   Code   RO         1737    .text               c_w.l(use_no_semi.o)
    0x0800139e   0x0800139e   0x00000000   Code   RO         1739    .text               c_w.l(indicate_semi.o)
    0x0800139e   0x0800139e   0x00000002   PAD
    0x080013a0   0x080013a0   0x00000060   Code   RO         1336    .text.BH1750_Init   bh1750.o
    0x08001400   0x08001400   0x0000008c   Code   RO         1344    .text.BH1750_ReadLux  bh1750.o
    0x0800148c   0x0800148c   0x00000036   Code   RO         1276    .text.Buzzer_Init   buzzer.o
    0x080014c2   0x080014c2   0x00000002   PAD
    0x080014c4   0x080014c4   0x00000014   Code   RO         1278    .text.Buzzer_Off    buzzer.o
    0x080014d8   0x080014d8   0x00000014   Code   RO         1280    .text.Buzzer_On     buzzer.o
    0x080014ec   0x080014ec   0x000001ce   Code   RO            8    .text.CheckAlarms   main.o
    0x080016ba   0x080016ba   0x00000002   PAD
    0x080016bc   0x080016bc   0x000000ce   Code   RO            4    .text.CheckRFID     main.o
    0x0800178a   0x0800178a   0x00000002   PAD
    0x0800178c   0x0800178c   0x0000005a   Code   RO           14    .text.CompareUID    main.o
    0x080017e6   0x080017e6   0x00000002   PAD
    0x080017e8   0x080017e8   0x000000fc   Code   RO           12    .text.ControlAlarm  main.o
    0x080018e4   0x080018e4   0x0000003e   Code   RO         1315    .text.Delay_ms      delay.o
    0x08001922   0x08001922   0x00000002   PAD
    0x08001924   0x08001924   0x00000032   Code   RO         1313    .text.Delay_us      delay.o
    0x08001956   0x08001956   0x00000002   PAD
    0x08001958   0x08001958   0x00000186   Code   RO          515    .text.GPIO_Init     stm32f10x_gpio.o
    0x08001ade   0x08001ade   0x00000002   PAD
    0x08001ae0   0x08001ae0   0x000000fa   Code   RO          541    .text.GPIO_PinRemapConfig  stm32f10x_gpio.o
    0x08001bda   0x08001bda   0x00000002   PAD
    0x08001bdc   0x08001bdc   0x00000034   Code   RO          519    .text.GPIO_ReadInputDataBit  stm32f10x_gpio.o
    0x08001c10   0x08001c10   0x00000014   Code   RO          529    .text.GPIO_ResetBits  stm32f10x_gpio.o
    0x08001c24   0x08001c24   0x00000014   Code   RO          527    .text.GPIO_SetBits  stm32f10x_gpio.o
    0x08001c38   0x08001c38   0x0000002c   Code   RO          531    .text.GPIO_WriteBit  stm32f10x_gpio.o
    0x08001c64   0x08001c64   0x00000110   Code   RO         1267    .text.HCSR04_GetDistance  hcsr04.o
    0x08001d74   0x08001d74   0x00000052   Code   RO         1265    .text.HCSR04_Init   hcsr04.o
    0x08001dc6   0x08001dc6   0x00000002   PAD
    0x08001dc8   0x08001dc8   0x00000042   Code   RO         1254    .text.I2C_Ack       mpu6050.o
    0x08001e0a   0x08001e0a   0x00000002   PAD
    0x08001e0c   0x08001e0c   0x00000020   Code   RO         1370    .text.I2C_Ack_BH    bh1750.o
    0x08001e2c   0x08001e2c   0x0000001e   Code   RO         1248    .text.I2C_Delay     mpu6050.o
    0x08001e4a   0x08001e4a   0x00000002   PAD
    0x08001e4c   0x08001e4c   0x0000001e   Code   RO         1358    .text.I2C_Delay_BH  bh1750.o
    0x08001e6a   0x08001e6a   0x00000002   PAD
    0x08001e6c   0x08001e6c   0x00000042   Code   RO         1256    .text.I2C_NAck      mpu6050.o
    0x08001eae   0x08001eae   0x00000002   PAD
    0x08001eb0   0x08001eb0   0x00000020   Code   RO         1372    .text.I2C_NAck_BH   bh1750.o
    0x08001ed0   0x08001ed0   0x0000009a   Code   RO         1252    .text.I2C_ReadByte  mpu6050.o
    0x08001f6a   0x08001f6a   0x00000002   PAD
    0x08001f6c   0x08001f6c   0x00000080   Code   RO         1368    .text.I2C_ReadByte_BH  bh1750.o
    0x08001fec   0x08001fec   0x0000009e   Code   RO         1234    .text.I2C_ReadBytes  mpu6050.o
    0x0800208a   0x0800208a   0x00000002   PAD
    0x0800208c   0x0800208c   0x0000008c   Code   RO         1346    .text.I2C_ReadBytes_BH  bh1750.o
    0x08002118   0x08002118   0x000000a2   Code   RO         1240    .text.I2C_SendByte  mpu6050.o
    0x080021ba   0x080021ba   0x00000002   PAD
    0x080021bc   0x080021bc   0x0000006a   Code   RO         1350    .text.I2C_SendByte_BH  bh1750.o
    0x08002226   0x08002226   0x00000002   PAD
    0x08002228   0x08002228   0x00000044   Code   RO         1238    .text.I2C_Start     mpu6050.o
    0x0800226c   0x0800226c   0x00000020   Code   RO         1348    .text.I2C_Start_BH  bh1750.o
    0x0800228c   0x0800228c   0x00000048   Code   RO         1244    .text.I2C_Stop      mpu6050.o
    0x080022d4   0x080022d4   0x00000020   Code   RO         1354    .text.I2C_Stop_BH   bh1750.o
    0x080022f4   0x080022f4   0x0000008a   Code   RO         1242    .text.I2C_WaitAck   mpu6050.o
    0x0800237e   0x0800237e   0x00000002   PAD
    0x08002380   0x08002380   0x00000084   Code   RO         1352    .text.I2C_WaitAck_BH  bh1750.o
    0x08002404   0x08002404   0x00000040   Code   RO         1224    .text.I2C_WriteByte  mpu6050.o
    0x08002444   0x08002444   0x00000036   Code   RO         1342    .text.I2C_WriteCmd_BH  bh1750.o
    0x0800247a   0x0800247a   0x00000002   PAD
    0x0800247c   0x0800247c   0x0000004e   Code   RO         1295    .text.LED_Init      led.o
    0x080024ca   0x080024ca   0x00000002   PAD
    0x080024cc   0x080024cc   0x00000014   Code   RO         1297    .text.LED_Off       led.o
    0x080024e0   0x080024e0   0x00000014   Code   RO         1299    .text.LED_On        led.o
    0x080024f4   0x080024f4   0x0000008a   Code   RO         1222    .text.MPU6050_Init  mpu6050.o
    0x0800257e   0x0800257e   0x00000002   PAD
    0x08002580   0x08002580   0x0000008a   Code   RO         1232    .text.MPU6050_Read  mpu6050.o
    0x0800260a   0x0800260a   0x00000002   PAD
    0x0800260c   0x0800260c   0x0000005a   Code   RO           53    .text.OLED_Clear    oled.o
    0x08002666   0x08002666   0x00000002   PAD
    0x08002668   0x08002668   0x00000048   Code   RO           39    .text.OLED_I2C_Init  oled.o
    0x080026b0   0x080026b0   0x0000007e   Code   RO           45    .text.OLED_I2C_SendByte  oled.o
    0x0800272e   0x0800272e   0x00000002   PAD
    0x08002730   0x08002730   0x00000040   Code   RO           41    .text.OLED_I2C_Start  oled.o
    0x08002770   0x08002770   0x00000032   Code   RO           43    .text.OLED_I2C_Stop  oled.o
    0x080027a2   0x080027a2   0x00000002   PAD
    0x080027a4   0x080027a4   0x00000044   Code   RO           59    .text.OLED_Init     oled.o
    0x080027e8   0x080027e8   0x00000034   Code   RO           51    .text.OLED_SetCursor  oled.o
    0x0800281c   0x0800281c   0x000000dc   Code   RO           55    .text.OLED_ShowChar  oled.o
    0x080028f8   0x080028f8   0x0000004c   Code   RO           57    .text.OLED_ShowString  oled.o
    0x08002944   0x08002944   0x00000028   Code   RO           47    .text.OLED_WriteCommand  oled.o
    0x0800296c   0x0800296c   0x00000028   Code   RO           49    .text.OLED_WriteData  oled.o
    0x08002994   0x08002994   0x00000026   Code   RO         1199    .text.RC522_AntennaOn  rc522.o
    0x080029ba   0x080029ba   0x00000002   PAD
    0x080029bc   0x080029bc   0x00000094   Code   RO         1211    .text.RC522_Anticoll  rc522.o
    0x08002a50   0x08002a50   0x0000002e   Code   RO         1203    .text.RC522_ClearBitMask  rc522.o
    0x08002a7e   0x08002a7e   0x00000002   PAD
    0x08002a80   0x08002a80   0x0000006c   Code   RO         1195    .text.RC522_Init    rc522.o
    0x08002aec   0x08002aec   0x00000044   Code   RO         1207    .text.RC522_ReadReg  rc522.o
    0x08002b30   0x08002b30   0x00000052   Code   RO         1209    .text.RC522_Request  rc522.o
    0x08002b82   0x08002b82   0x00000002   PAD
    0x08002b84   0x08002b84   0x00000012   Code   RO         1191    .text.RC522_Reset   rc522.o
    0x08002b96   0x08002b96   0x00000002   PAD
    0x08002b98   0x08002b98   0x000000ca   Code   RO         1197    .text.RC522_SPI_Init  rc522.o
    0x08002c62   0x08002c62   0x00000002   PAD
    0x08002c64   0x08002c64   0x00000056   Code   RO         1213    .text.RC522_SPI_Transfer  rc522.o
    0x08002cba   0x08002cba   0x00000002   PAD
    0x08002cbc   0x08002cbc   0x0000002e   Code   RO         1205    .text.RC522_SetBitMask  rc522.o
    0x08002cea   0x08002cea   0x00000002   PAD
    0x08002cec   0x08002cec   0x0000021c   Code   RO         1201    .text.RC522_ToCard  rc522.o
    0x08002f08   0x08002f08   0x00000040   Code   RO         1193    .text.RC522_WriteReg  rc522.o
    0x08002f48   0x08002f48   0x00000038   Code   RO          715    .text.RCC_APB2PeriphClockCmd  stm32f10x_rcc.o
    0x08002f80   0x08002f80   0x00000012   Code   RO         1338    .text.SCL_H_BH      bh1750.o
    0x08002f92   0x08002f92   0x00000002   PAD
    0x08002f94   0x08002f94   0x00000012   Code   RO         1362    .text.SCL_L_BH      bh1750.o
    0x08002fa6   0x08002fa6   0x00000002   PAD
    0x08002fa8   0x08002fa8   0x00000012   Code   RO         1340    .text.SDA_H_BH      bh1750.o
    0x08002fba   0x08002fba   0x00000002   PAD
    0x08002fbc   0x08002fbc   0x00000024   Code   RO         1250    .text.SDA_IN        mpu6050.o
    0x08002fe0   0x08002fe0   0x00000022   Code   RO         1364    .text.SDA_IN_BH     bh1750.o
    0x08003002   0x08003002   0x00000002   PAD
    0x08003004   0x08003004   0x00000012   Code   RO         1360    .text.SDA_L_BH      bh1750.o
    0x08003016   0x08003016   0x00000002   PAD
    0x08003018   0x08003018   0x0000002a   Code   RO         1246    .text.SDA_OUT       mpu6050.o
    0x08003042   0x08003042   0x00000002   PAD
    0x08003044   0x08003044   0x00000028   Code   RO         1356    .text.SDA_OUT_BH    bh1750.o
    0x0800306c   0x0800306c   0x00000012   Code   RO         1366    .text.SDA_READ_BH   bh1750.o
    0x0800307e   0x0800307e   0x00000002   PAD
    0x08003080   0x08003080   0x0000002c   Code   RO          856    .text.SPI_Cmd       stm32f10x_spi.o
    0x080030ac   0x080030ac   0x00000036   Code   RO          884    .text.SPI_I2S_GetFlagStatus  stm32f10x_spi.o
    0x080030e2   0x080030e2   0x00000002   PAD
    0x080030e4   0x080030e4   0x0000000c   Code   RO          866    .text.SPI_I2S_ReceiveData  stm32f10x_spi.o
    0x080030f0   0x080030f0   0x00000014   Code   RO          864    .text.SPI_I2S_SendData  stm32f10x_spi.o
    0x08003104   0x08003104   0x00000068   Code   RO          848    .text.SPI_Init      stm32f10x_spi.o
    0x0800316c   0x0800316c   0x00000008   Code   RO         1403    .text.SetSysClock   system_stm32f10x.o
    0x08003174   0x08003174   0x00000122   Code   RO         1407    .text.SetSysClockTo72  system_stm32f10x.o
    0x08003296   0x08003296   0x00000002   PAD
    0x08003298   0x08003298   0x00000066   Code   RO         1401    .text.SystemInit    system_stm32f10x.o
    0x080032fe   0x080032fe   0x00000002   PAD
    0x08003300   0x08003300   0x0000021c   Code   RO           10    .text.UpdateDisplay  main.o
    0x0800351c   0x0800351c   0x0000004e   Code   RO            6    .text.UpdateSensors  main.o
    0x0800356a   0x0800356a   0x00000002   PAD
    0x0800356c   0x0800356c   0x000000d2   Code   RO            2    .text.main          main.o
    0x0800363e   0x0800363e   0x0000003e   Code   RO         1611    CL$$btod_d2e        c_w.l(btod.o)
    0x0800367c   0x0800367c   0x00000046   Code   RO         1613    CL$$btod_d2e_denorm_low  c_w.l(btod.o)
    0x080036c2   0x080036c2   0x00000060   Code   RO         1612    CL$$btod_d2e_norm_op1  c_w.l(btod.o)
    0x08003722   0x08003722   0x00000002   PAD
    0x08003724   0x08003724   0x00000338   Code   RO         1621    CL$$btod_div_common  c_w.l(btod.o)
    0x08003a5c   0x08003a5c   0x000000dc   Code   RO         1618    CL$$btod_e2e        c_w.l(btod.o)
    0x08003b38   0x08003b38   0x0000002a   Code   RO         1615    CL$$btod_ediv       c_w.l(btod.o)
    0x08003b62   0x08003b62   0x0000002a   Code   RO         1614    CL$$btod_emul       c_w.l(btod.o)
    0x08003b8c   0x08003b8c   0x00000244   Code   RO         1620    CL$$btod_mult_common  c_w.l(btod.o)
    0x08003dd0   0x08003dd0   0x00000028   Code   RO         1648    i.__ARM_fpclassify  m_ws.l(fpclassify.o)
    0x08003df8   0x08003df8   0x0000000e   Code   RO         1506    i._is_digit         c_w.l(__printf_wp.o)
    0x08003e06   0x08003e06   0x00000002   PAD
    0x08003e08   0x08003e08   0x0000002c   Code   RO         1636    locale$$code        c_w.l(lc_numeric_c.o)
    0x08003e34   0x08003e34   0x0000002c   Code   RO         1658    locale$$code        c_w.l(lc_ctype_c.o)
    0x08003e60   0x08003e60   0x0000000c   Code   RO         1539    x$fpl$dretinf       fz_ws.l(dretinf.o)
    0x08003e6c   0x08003e6c   0x00000056   Code   RO         1425    x$fpl$f2d           fz_ws.l(f2d.o)
    0x08003ec2   0x08003ec2   0x00000002   PAD
    0x08003ec4   0x08003ec4   0x000000c4   Code   RO         1427    x$fpl$fadd          fz_ws.l(faddsub_clz.o)
    0x08003f88   0x08003f88   0x00000054   Code   RO         1433    x$fpl$fcmp          fz_ws.l(fcmp.o)
    0x08003fdc   0x08003fdc   0x00000018   Code   RO         1595    x$fpl$fcmpinf       fz_ws.l(fcmpi.o)
    0x08003ff4   0x08003ff4   0x00000184   Code   RO         1436    x$fpl$fdiv          fz_ws.l(fdiv.o)
    0x08004178   0x08004178   0x00000068   Code   RO         1541    x$fpl$feqf          fz_ws.l(feqf.o)
    0x080041e0   0x080041e0   0x00000030   Code   RO         1440    x$fpl$fflt          fz_ws.l(fflt_clz.o)
    0x08004210   0x08004210   0x00000026   Code   RO         1439    x$fpl$ffltu         fz_ws.l(fflt_clz.o)
    0x08004236   0x08004236   0x00000002   PAD
    0x08004238   0x08004238   0x00000068   Code   RO         1543    x$fpl$fgeqf         fz_ws.l(fgeqf.o)
    0x080042a0   0x080042a0   0x00000068   Code   RO         1545    x$fpl$fleqf         fz_ws.l(fleqf.o)
    0x08004308   0x08004308   0x00000102   Code   RO         1445    x$fpl$fmul          fz_ws.l(fmul.o)
    0x0800440a   0x0800440a   0x0000008c   Code   RO         1547    x$fpl$fnaninf       fz_ws.l(fnaninf.o)
    0x08004496   0x08004496   0x0000000a   Code   RO         1549    x$fpl$fretinf       fz_ws.l(fretinf.o)
    0x080044a0   0x080044a0   0x000000ea   Code   RO         1429    x$fpl$fsub          fz_ws.l(faddsub_clz.o)
    0x0800458a   0x0800458a   0x00000004   Code   RO         1551    x$fpl$printf1       fz_ws.l(printf1.o)
    0x0800458e   0x0800458e   0x00000004   Code   RO         1553    x$fpl$printf2       fz_ws.l(printf2.o)
    0x08004592   0x08004592   0x00000000   Code   RO         1559    x$fpl$usenofp       fz_ws.l(usenofp.o)
    0x08004592   0x08004592   0x00000002   PAD
    0x08004594   0x08004594   0x00000008   Data   RO         1465    .constdata          c_w.l(_printf_wctomb.o)
    0x0800459c   0x0800459c   0x00000028   Data   RO         1494    .constdata          c_w.l(_printf_hex_int_ll_ptr.o)
    0x080045c4   0x080045c4   0x00000011   Data   RO         1514    .constdata          c_w.l(__printf_flags_ss_wp.o)
    0x080045d5   0x080045d5   0x00000026   Data   RO         1584    .constdata          c_w.l(_printf_fp_hex.o)
    0x080045fb   0x080045fb   0x00000001   PAD
    0x080045fc   0x080045fc   0x00000094   Data   RO         1609    .constdata          c_w.l(bigflt0.o)
    0x08004690   0x08004690   0x000005f0   Data   RO           61    .rodata.OLED_F8x16  oled.o
    0x08004c80   0x08004c80   0x00000090   Data   RO           17    .rodata.str1.1      main.o
    0x08004d10   0x08004d10   0x00000020   Data   RO         1795    Region$$Table       anon$$obj.o
    0x08004d30   0x08004d30   0x0000001c   Data   RO         1635    locale$$data        c_w.l(lc_numeric_c.o)
    0x08004d4c   0x08004d4c   0x00000110   Data   RO         1657    locale$$data        c_w.l(lc_ctype_c.o)


    Execution Region ER_RW (Exec base: 0x20000000, Load base: 0x08004e5c, Size: 0x0000000c, Max: 0xffffffff, ABSOLUTE)

    Exec Addr    Load Addr    Size         Type   Attr      Idx    E Section Name        Object

    0x20000000   0x08004e5c   0x00000001   Data   RW           28    .data.UpdateDisplay.lastAlarmType  main.o
    0x20000001   0x08004e5d   0x00000001   PAD
    0x20000002   0x08004e5e   0x00000002   Data   RW           27    .data.UpdateDisplay.lastDispAccel  main.o
    0x20000004   0x08004e60   0x00000004   Data   RW           26    .data.UpdateDisplay.lastLux  main.o
    0x20000008   0x08004e64   0x00000001   Data   RW           25    .data.UpdateDisplay.lastMode  main.o


    Execution Region ER_ZI (Exec base: 0x20000010, Load base: 0x08004e68, Size: 0x00000678, Max: 0xffffffff, ABSOLUTE)

    Exec Addr    Load Addr    Size         Type   Attr      Idx    E Section Name        Object

    0x20000010        -       0x00000060   Zero   RW         1651    .bss                c_w.l(libspace.o)
    0x20000070        -       0x00000004   Zero   RW           21    .bss.CheckAlarms.lastDistance  main.o
    0x20000074        -       0x00000001   Zero   RW           29    .bss.ControlAlarm.toggleCounter  main.o
    0x20000075        -       0x00000001   Zero   RW           22    .bss.accelInitialized  main.o
    0x20000076        -       0x00000003   Zero   RW           19    .bss.alarmState     main.o
    0x20000079        -       0x00000001   Zero   RW           18    .bss.currentMode    main.o
    0x2000007a        -       0x00000001   Zero   RW           24    .bss.fastMoveAlarmCounter  main.o
    0x2000007b   0x08004e68   0x00000001   PAD
    0x2000007c        -       0x00000006   Zero   RW           23    .bss.lastAccel      main.o
    0x20000082        -       0x00000001   Zero   RW           30    .bss.ledState       main.o
    0x20000083   0x08004e68   0x00000005   PAD
    0x20000088        -       0x00000200   Zero   RW         1392    HEAP                startup_stm32f10x_md.o
    0x20000288        -       0x00000400   Zero   RW         1391    STACK               startup_stm32f10x_md.o


==============================================================================

Image component sizes


      Code (inc. data)   RO Data    RW Data    ZI Data      Debug   Object Name

      1118          0          0          0          0       4187   bh1750.o
        94          0          0          0          0       2131   buzzer.o
       112          0          0          0          0        928   delay.o
       354          0          0          0          0       1877   hcsr04.o
       118          0          0          0          0       1898   led.o
      1838          0        144          8         18       3852   main.o
      1332          0          0          0          0       4564   mpu6050.o
       898          0       1520          0          0       3368   oled.o
      1446          0          0          0          0       4896   rc522.o
        64         26        236          0       1536        848   startup_stm32f10x_md.o
       776          0          0          0          0       5465   stm32f10x_gpio.o
        56          0          0          0          0       6793   stm32f10x_rcc.o
       234          0          0          0          0       6383   stm32f10x_spi.o
       400          0          0          0          0       2983   system_stm32f10x.o

    ----------------------------------------------------------------------
      8926         26       1932         12       1560      50173   Object Totals
         0          0         32          0          0          0   (incl. Generated)
        86          0          0          4          6          0   (incl. Padding)

    ----------------------------------------------------------------------

      Code (inc. data)   RO Data    RW Data    ZI Data      Debug   Library Member Name

         8          0          0          0          0         68   __main.o
       392          4         17          0          0         92   __printf_flags_ss_wp.o
        14          0          0          0          0         68   __printf_wp.o
         0          0          0          0          0          0   __rtentry.o
        12          0          0          0          0          0   __rtentry2.o
         6          0          0          0          0          0   __rtentry4.o
        94          8          0          0          0          0   __scatter.o
        26          0          0          0          0          0   __scatter_copy.o
        28          0          0          0          0          0   __scatter_zi.o
        72          0          0          0          0         96   _c16rtomb.o
         6          0          0          0          0          0   _printf_a.o
         6          0          0          0          0          0   _printf_c.o
        44          0          0          0          0        108   _printf_char.o
        48          6          0          0          0         96   _printf_char_common.o
        40          0          0          0          0         68   _printf_charcount.o
         6          0          0          0          0          0   _printf_d.o
       120         16          0          0          0         92   _printf_dec.o
         6          0          0          0          0          0   _printf_e.o
         6          0          0          0          0          0   _printf_f.o
      1052          0          0          0          0        148   _printf_fp_dec.o
       764          8         38          0          0        100   _printf_fp_hex.o
       128         16          0          0          0         84   _printf_fp_infnan.o
         6          0          0          0          0          0   _printf_g.o
       148          4         40          0          0        160   _printf_hex_int_ll_ptr.o
         6          0          0          0          0          0   _printf_i.o
       178          0          0          0          0         88   _printf_intcommon.o
        10          0          0          0          0          0   _printf_l.o
         6          0          0          0          0          0   _printf_lc.o
        10          0          0          0          0          0   _printf_ll.o
         6          0          0          0          0          0   _printf_lld.o
         6          0          0          0          0          0   _printf_lli.o
         6          0          0          0          0          0   _printf_llo.o
         6          0          0          0          0          0   _printf_llu.o
         6          0          0          0          0          0   _printf_llx.o
       124         16          0          0          0         92   _printf_longlong_dec.o
         6          0          0          0          0          0   _printf_ls.o
         6          0          0          0          0          0   _printf_n.o
         6          0          0          0          0          0   _printf_o.o
       112          8          0          0          0        124   _printf_oct_int_ll.o
         6          0          0          0          0          0   _printf_p.o
        78          0          0          0          0        108   _printf_pad.o
         0          0          0          0          0          0   _printf_percent.o
         4          0          0          0          0          0   _printf_percent_end.o
         6          0          0          0          0          0   _printf_s.o
        82          0          0          0          0         80   _printf_str.o
        36          0          0          0          0         84   _printf_truncate.o
         6          0          0          0          0          0   _printf_u.o
        44          0          0          0          0        108   _printf_wchar.o
       188          6          8          0          0         92   _printf_wctomb.o
         6          0          0          0          0          0   _printf_x.o
        10          0          0          0          0         68   _sputc.o
       228          4        148          0          0         96   bigflt0.o
      1936        128          0          0          0        668   btod.o
        18          0          0          0          0         80   exit.o
         6          0          0          0          0        152   heapauxi.o
         0          0          0          0          0          0   indicate_semi.o
        44         10        272          0          0         76   lc_ctype_c.o
        44         10         28          0          0         76   lc_numeric_c.o
         2          0          0          0          0          0   libinit.o
        30          0          0          0          0          0   libinit2.o
         2          0          0          0          0          0   libshutdown.o
         2          0          0          0          0          0   libshutdown2.o
         8          4          0          0         96         68   libspace.o
       138          0          0          0          0         80   lludiv10.o
        16          4          0          0          0         76   rt_ctype_table.o
         8          4          0          0          0         68   rt_locale_intlibspace.o
         2          0          0          0          0          0   rtexit.o
        10          0          0          0          0          0   rtexit2.o
        44          6          0          0          0         84   sprintf.o
       128          0          0          0          0         68   strcmpv7m.o
        12          4          0          0          0         68   sys_exit.o
        74          0          0          0          0         80   sys_stackheap_outer.o
         2          0          0          0          0         68   use_no_semi.o
        12          0          0          0          0         68   dretinf.o
        86          4          0          0          0         84   f2d.o
       430          8          0          0          0        168   faddsub_clz.o
        84          0          0          0          0        196   fcmp.o
        24          0          0          0          0         68   fcmpi.o
       388         76          0          0          0         96   fdiv.o
       104          4          0          0          0         84   feqf.o
        86          0          0          0          0        136   fflt_clz.o
       104          4          0          0          0         84   fgeqf.o
       104          4          0          0          0         84   fleqf.o
       258          4          0          0          0         84   fmul.o
       140          4          0          0          0         84   fnaninf.o
        10          0          0          0          0         68   fretinf.o
         4          0          0          0          0         68   printf1.o
         4          0          0          0          0         68   printf2.o
         0          0          0          0          0          0   usenofp.o
        40          0          0          0          0         68   fpclassify.o

    ----------------------------------------------------------------------
      8650        374        552          0         96       5340   Library Totals
        26          0          1          0          0          0   (incl. Padding)

    ----------------------------------------------------------------------

      Code (inc. data)   RO Data    RW Data    ZI Data      Debug   Library Name

      6746        266        551          0         96       3832   c_w.l
      1838        108          0          0          0       1440   fz_ws.l
        40          0          0          0          0         68   m_ws.l

    ----------------------------------------------------------------------
      8650        374        552          0         96       5340   Library Totals

    ----------------------------------------------------------------------

==============================================================================


      Code (inc. data)   RO Data    RW Data    ZI Data      Debug   

     17576        400       2484         12       1656      52425   Grand Totals
     17576        400       2484         12       1656      52425   ELF Image Totals
     17576        400       2484         12          0          0   ROM Totals

==============================================================================

    Total RO  Size (Code + RO Data)                20060 (  19.59kB)
    Total RW  Size (RW Data + ZI Data)              1668 (   1.63kB)
    Total ROM Size (Code + RO Data + RW Data)      20072 (  19.60kB)

==============================================================================

